Component: ARM Compiler 5.06 update 7 (build 960) Tool: armlink [4d3601]

==============================================================================

Section Cross References

    startup_stm32f10x_hd.o(RESET) refers to startup_stm32f10x_hd.o(STACK) for __initial_sp
    startup_stm32f10x_hd.o(RESET) refers to startup_stm32f10x_hd.o(.text) for Reset_Handler
    startup_stm32f10x_hd.o(RESET) refers to stm32f10x_it.o(i.NMI_Handler) for NMI_Handler
    startup_stm32f10x_hd.o(RESET) refers to stm32f10x_it.o(i.HardFault_Handler) for HardFault_Handler
    startup_stm32f10x_hd.o(RESET) refers to stm32f10x_it.o(i.MemManage_Handler) for MemManage_Handler
    startup_stm32f10x_hd.o(RESET) refers to stm32f10x_it.o(i.BusFault_Handler) for BusFault_Handler
    startup_stm32f10x_hd.o(RESET) refers to stm32f10x_it.o(i.UsageFault_Handler) for UsageFault_Handler
    startup_stm32f10x_hd.o(RESET) refers to stm32f10x_it.o(i.SVC_Handler) for SVC_Handler
    startup_stm32f10x_hd.o(RESET) refers to stm32f10x_it.o(i.DebugMon_Handler) for DebugMon_Handler
    startup_stm32f10x_hd.o(RESET) refers to stm32f10x_it.o(i.PendSV_Handler) for PendSV_Handler
    startup_stm32f10x_hd.o(RESET) refers to delay.o(i.SysTick_Handler) for SysTick_Handler
    startup_stm32f10x_hd.o(RESET) refers to uart1.o(i.USART1_IRQHandler) for USART1_IRQHandler
    startup_stm32f10x_hd.o(RESET) refers to wifi.o(i.USART3_IRQHandler) for USART3_IRQHandler
    startup_stm32f10x_hd.o(RESET) refers to ble.o(i.UART5_IRQHandler) for UART5_IRQHandler
    startup_stm32f10x_hd.o(.text) refers to system_stm32f10x.o(i.SystemInit) for SystemInit
    startup_stm32f10x_hd.o(.text) refers to entry.o(.ARM.Collect$$$$00000000) for __main
    main.o(i.Handle_Conditions) refers to stm32f10x_tim.o(i.TIM_SetCompare3) for TIM_SetCompare3
    main.o(i.Handle_Conditions) refers to stm32f10x_tim.o(i.TIM_SetCompare4) for TIM_SetCompare4
    main.o(i.Handle_Conditions) refers to stm32f10x_tim.o(i.TIM_SetCompare1) for TIM_SetCompare1
    main.o(i.Handle_Conditions) refers to stm32f10x_tim.o(i.TIM_SetCompare2) for TIM_SetCompare2
    main.o(i.Handle_Conditions) refers to ble.o(i.BLE_DataAnlay) for BLE_DataAnlay
    main.o(i.Handle_Conditions) refers to ir.o(i.IR_GetLineAndMove) for IR_GetLineAndMove
    main.o(i.Handle_Conditions) refers to wifi.o(i.WIFI_Analysis) for WIFI_Analysis
    main.o(i.Handle_Conditions) refers to main.o(.data) for condition_met
    main.o(i.JTAG_SW_Config) refers to stm32f10x_rcc.o(i.RCC_APB2PeriphClockCmd) for RCC_APB2PeriphClockCmd
    main.o(i.JTAG_SW_Config) refers to stm32f10x_gpio.o(i.GPIO_PinRemapConfig) for GPIO_PinRemapConfig
    main.o(i.main) refers to main.o(i.JTAG_SW_Config) for JTAG_SW_Config
    main.o(i.main) refers to delay.o(i.Systick_Init) for Systick_Init
    main.o(i.main) refers to led.o(i.LED_Config) for LED_Config
    main.o(i.main) refers to beep.o(i.BEEP_Config) for BEEP_Config
    main.o(i.main) refers to key.o(i.KEY_Config) for KEY_Config
    main.o(i.main) refers to uart1.o(i.USART1_Config) for USART1_Config
    main.o(i.main) refers to printf1.o(i.__0printf$1) for __2printf
    main.o(i.main) refers to lcd.o(i.LCD_Init) for LCD_Init
    main.o(i.main) refers to lcd.o(i.LCD_Fill) for LCD_Fill
    main.o(i.main) refers to lcd.o(i.LCD_ShowChinese) for LCD_ShowChinese
    main.o(i.main) refers to lcd.o(i.LCD_ShowString) for LCD_ShowString
    main.o(i.main) refers to ble.o(i.BLE_Config) for BLE_Config
    main.o(i.main) refers to motor.o(i.Motor_Config) for Motor_Config
    main.o(i.main) refers to ir.o(i.IR_Config) for IR_Config
    main.o(i.main) refers to hc_sr04.o(i.SR04_Config) for SR04_Config
    main.o(i.main) refers to steer.o(i.Steer_Init) for Steer_Init
    main.o(i.main) refers to wifi.o(i.WIFI_Config) for WIFI_Config
    main.o(i.main) refers to hc_sr04.o(i.SR04_GetLen) for SR04_GetLen
    main.o(i.main) refers to motor.o(i.Motor_LeftFrontControl) for Motor_LeftFrontControl
    main.o(i.main) refers to motor.o(i.Motor_LeftBackControl) for Motor_LeftBackControl
    main.o(i.main) refers to motor.o(i.Motor_RightFrontControl) for Motor_RightFrontControl
    main.o(i.main) refers to motor.o(i.Motor_RightBackControl) for Motor_RightBackControl
    main.o(i.main) refers to steer.o(i.Steer_Control) for Steer_Control
    main.o(i.main) refers to key.o(i.Key_GetValue) for Key_GetValue
    main.o(i.main) refers to printf1.o(i.__0sprintf$1) for __2sprintf
    main.o(i.main) refers to main.o(i.Handle_Conditions) for Handle_Conditions
    main.o(i.main) refers to delay.o(.data) for time_sr04
    main.o(i.main) refers to main.o(.data) for timebz
    main.o(i.main) refers to hc_sr04.o(.data) for sr04_len
    main.o(i.main) refers to main.o(.bss) for lcd_buff
    system_stm32f10x.o(i.SetSysClock) refers to system_stm32f10x.o(i.SetSysClockTo72) for SetSysClockTo72
    system_stm32f10x.o(i.SystemCoreClockUpdate) refers to system_stm32f10x.o(.data) for SystemCoreClock
[...]
    Removing stm32f10x_i2c.o(i.I2C_GeneralCallCmd), (24 bytes).
    Removing stm32f10x_i2c.o(i.I2C_GenerateSTART), (24 bytes).
    Removing stm32f10x_i2c.o(i.I2C_GenerateSTOP), (24 bytes).
    Removing stm32f10x_i2c.o(i.I2C_GetFlagStatus), (58 bytes).
    Removing stm32f10x_i2c.o(i.I2C_GetITStatus), (38 bytes).
    Removing stm32f10x_i2c.o(i.I2C_GetLastEvent), (26 bytes).
    Removing stm32f10x_i2c.o(i.I2C_GetPEC), (8 bytes).
    Removing stm32f10x_i2c.o(i.I2C_ITConfig), (18 bytes).
    Removing stm32f10x_i2c.o(i.I2C_Init), (236 bytes).
    Removing stm32f10x_i2c.o(i.I2C_NACKPositionConfig), (28 bytes).
    Removing stm32f10x_i2c.o(i.I2C_OwnAddress2Config), (22 bytes).
    Removing stm32f10x_i2c.o(i.I2C_PECPositionConfig), (28 bytes).
    Removing stm32f10x_i2c.o(i.I2C_ReadRegister), (22 bytes).
    Removing stm32f10x_i2c.o(i.I2C_ReceiveData), (8 bytes).
    Removing stm32f10x_i2c.o(i.I2C_SMBusAlertConfig), (28 bytes).
    Removing stm32f10x_i2c.o(i.I2C_Send7bitAddress), (18 bytes).
    Removing stm32f10x_i2c.o(i.I2C_SendData), (4 bytes).
    Removing stm32f10x_i2c.o(i.I2C_SoftwareResetCmd), (22 bytes).
    Removing stm32f10x_i2c.o(i.I2C_StretchClockCmd), (24 bytes).
    Removing stm32f10x_i2c.o(i.I2C_StructInit), (30 bytes).
    Removing stm32f10x_i2c.o(i.I2C_TransmitPEC), (24 bytes).
    Removing stm32f10x_iwdg.o(.rev16_text), (4 bytes).
    Removing stm32f10x_iwdg.o(.revsh_text), (4 bytes).
    Removing stm32f10x_iwdg.o(.rrx_text), (6 bytes).
    Removing stm32f10x_iwdg.o(i.IWDG_Enable), (16 bytes).
    Removing stm32f10x_iwdg.o(i.IWDG_GetFlagStatus), (24 bytes).
    Removing stm32f10x_iwdg.o(i.IWDG_ReloadCounter), (16 bytes).
    Removing stm32f10x_iwdg.o(i.IWDG_SetPrescaler), (12 bytes).
    Removing stm32f10x_iwdg.o(i.IWDG_SetReload), (12 bytes).
    Removing stm32f10x_iwdg.o(i.IWDG_WriteAccessCmd), (12 bytes).
    Removing stm32f10x_pwr.o(.rev16_text), (4 bytes).
    Removing stm32f10x_pwr.o(.revsh_text), (4 bytes).
    Removing stm32f10x_pwr.o(.rrx_text), (6 bytes).
    Removing stm32f10x_pwr.o(i.PWR_BackupAccessCmd), (12 bytes).
    Removing stm32f10x_pwr.o(i.PWR_ClearFlag), (20 bytes).
    Removing stm32f10x_pwr.o(i.PWR_DeInit), (22 bytes).
    Removing stm32f10x_pwr.o(i.PWR_EnterSTANDBYMode), (52 bytes).
    Removing stm32f10x_pwr.o(i.PWR_EnterSTOPMode), (64 bytes).
    Removing stm32f10x_pwr.o(i.PWR_GetFlagStatus), (24 bytes).
    Removing stm32f10x_pwr.o(i.PWR_PVDCmd), (12 bytes).
    Removing stm32f10x_pwr.o(i.PWR_PVDLevelConfig), (24 bytes).
    Removing stm32f10x_pwr.o(i.PWR_WakeUpPinCmd), (12 bytes).
    Removing stm32f10x_rcc.o(.rev16_text), (4 bytes).
    Removing stm32f10x_rcc.o(.revsh_text), (4 bytes).
    Removing stm32f10x_rcc.o(.rrx_text), (6 bytes).
    Removing stm32f10x_rcc.o(i.RCC_ADCCLKConfig), (24 bytes).
    Removing stm32f10x_rcc.o(i.RCC_AHBPeriphClockCmd), (32 bytes).
    Removing stm32f10x_rcc.o(i.RCC_APB1PeriphResetCmd), (32 bytes).
    Removing stm32f10x_rcc.o(i.RCC_APB2PeriphResetCmd), (32 bytes).
    Removing stm32f10x_rcc.o(i.RCC_AdjustHSICalibrationValue), (24 bytes).
    Removing stm32f10x_rcc.o(i.RCC_BackupResetCmd), (12 bytes).
    Removing stm32f10x_rcc.o(i.RCC_ClearFlag), (20 bytes).
    Removing stm32f10x_rcc.o(i.RCC_ClearITPendingBit), (12 bytes).
    Removing stm32f10x_rcc.o(i.RCC_ClockSecuritySystemCmd), (12 bytes).
    Removing stm32f10x_rcc.o(i.RCC_DeInit), (76 bytes).
    Removing stm32f10x_rcc.o(i.RCC_GetFlagStatus), (60 bytes).
    Removing stm32f10x_rcc.o(i.RCC_GetITStatus), (24 bytes).
    Removing stm32f10x_rcc.o(i.RCC_GetSYSCLKSource), (16 bytes).
    Removing stm32f10x_rcc.o(i.RCC_HCLKConfig), (24 bytes).
    Removing stm32f10x_rcc.o(i.RCC_HSEConfig), (76 bytes).
    Removing stm32f10x_rcc.o(i.RCC_HSICmd), (12 bytes).
    Removing stm32f10x_rcc.o(i.RCC_ITConfig), (32 bytes).
    Removing stm32f10x_rcc.o(i.RCC_LSEConfig), (52 bytes).
    Removing stm32f10x_rcc.o(i.RCC_LSICmd), (12 bytes).
    Removing stm32f10x_rcc.o(i.RCC_MCOConfig), (12 bytes).
    Removing stm32f10x_rcc.o(i.RCC_PCLK1Config), (24 bytes).
    Removing stm32f10x_rcc.o(i.RCC_PCLK2Config), (24 bytes).
    Removing stm32f10x_rcc.o(i.RCC_PLLCmd), (12 bytes).
    Removing stm32f10x_rcc.o(i.RCC_PLLConfig), (28 bytes).
    Removing stm32f10x_rcc.o(i.RCC_RTCCLKCmd), (12 bytes).
    Removing stm32f10x_rcc.o(i.RCC_RTCCLKConfig), (16 bytes).
    Removing stm32f10x_rcc.o(i.RCC_SYSCLKConfig), (24 bytes).
    Removing stm32f10x_rcc.o(i.RCC_USBCLKConfig), (12 bytes).
    Removing stm32f10x_rcc.o(i.RCC_WaitForHSEStartUp), (56 bytes).
    Removing stm32f10x_rtc.o(.rev16_text), (4 bytes).
    Removing stm32f10x_rtc.o(.revsh_text), (4 bytes).
    Removing stm32f10x_rtc.o(.rrx_text), (6 bytes).
    Removing stm32f10x_rtc.o(i.RTC_ClearFlag), (16 bytes).
    Removing stm32f10x_rtc.o(i.RTC_ClearITPendingBit), (16 bytes).
    Removing stm32f10x_rtc.o(i.RTC_EnterConfigMode), (20 bytes).
    Removing stm32f10x_rtc.o(i.RTC_ExitConfigMode), (20 bytes).
    Removing stm32f10x_rtc.o(i.RTC_GetCounter), (20 bytes).
    Removing stm32f10x_rtc.o(i.RTC_GetDivider), (24 bytes).
    Removing stm32f10x_rtc.o(i.RTC_GetFlagStatus), (24 bytes).
    Removing stm32f10x_rtc.o(i.RTC_GetITStatus), (36 bytes).
    Removing stm32f10x_rtc.o(i.RTC_ITConfig), (32 bytes).
    Removing stm32f10x_rtc.o(i.RTC_SetAlarm), (28 bytes).
    Removing stm32f10x_rtc.o(i.RTC_SetCounter), (28 bytes).
    Removing stm32f10x_rtc.o(i.RTC_SetPrescaler), (32 bytes).
    Removing stm32f10x_rtc.o(i.RTC_WaitForLastTask), (20 bytes).
    Removing stm32f10x_rtc.o(i.RTC_WaitForSynchro), (36 bytes).
    Removing stm32f10x_sdio.o(.rev16_text), (4 bytes).
    Removing stm32f10x_sdio.o(.revsh_text), (4 bytes).
    Removing stm32f10x_sdio.o(.rrx_text), (6 bytes).
    Removing stm32f10x_sdio.o(i.SDIO_CEATAITCmd), (16 bytes).
    Removing stm32f10x_sdio.o(i.SDIO_ClearFlag), (12 bytes).
    Removing stm32f10x_sdio.o(i.SDIO_ClearITPendingBit), (12 bytes).
    Removing stm32f10x_sdio.o(i.SDIO_ClockCmd), (12 bytes).
    Removing stm32f10x_sdio.o(i.SDIO_CmdStructInit), (14 bytes).
    Removing stm32f10x_sdio.o(i.SDIO_CommandCompletionCmd), (12 bytes).
    Removing stm32f10x_sdio.o(i.SDIO_DMACmd), (12 bytes).
    Removing stm32f10x_sdio.o(i.SDIO_DataConfig), (48 bytes).
    Removing stm32f10x_sdio.o(i.SDIO_DataStructInit), (20 bytes).
    Removing stm32f10x_sdio.o(i.SDIO_DeInit), (36 bytes).
    Removing stm32f10x_sdio.o(i.SDIO_GetCommandResponse), (12 bytes).
    Removing stm32f10x_sdio.o(i.SDIO_GetDataCounter), (12 bytes).
    Removing stm32f10x_sdio.o(i.SDIO_GetFIFOCount), (12 bytes).
    Removing stm32f10x_sdio.o(i.SDIO_GetFlagStatus), (24 bytes).
    Removing stm32f10x_sdio.o(i.SDIO_GetITStatus), (24 bytes).
    Removing stm32f10x_sdio.o(i.SDIO_GetPowerState), (16 bytes).
    Removing stm32f10x_sdio.o(i.SDIO_GetResponse), (24 bytes).
    Removing stm32f10x_sdio.o(i.SDIO_ITConfig), (32 bytes).
    Removing stm32f10x_sdio.o(i.SDIO_Init), (48 bytes).
    Removing stm32f10x_sdio.o(i.SDIO_ReadData), (12 bytes).
    Removing stm32f10x_sdio.o(i.SDIO_SendCEATACmd), (12 bytes).
    Removing stm32f10x_sdio.o(i.SDIO_SendCommand), (44 bytes).
    Removing stm32f10x_sdio.o(i.SDIO_SendSDIOSuspendCmd), (12 bytes).
    Removing stm32f10x_sdio.o(i.SDIO_SetPowerState), (28 bytes).
    Removing stm32f10x_sdio.o(i.SDIO_SetSDIOOperation), (12 bytes).
    Removing stm32f10x_sdio.o(i.SDIO_SetSDIOReadWaitMode), (12 bytes).
    Removing stm32f10x_sdio.o(i.SDIO_StartSDIOReadWait), (12 bytes).
    Removing stm32f10x_sdio.o(i.SDIO_StopSDIOReadWait), (12 bytes).
    Removing stm32f10x_sdio.o(i.SDIO_StructInit), (16 bytes).
    Removing stm32f10x_sdio.o(i.SDIO_WriteData), (12 bytes).
    Removing stm32f10x_spi.o(.rev16_text), (4 bytes).
    Removing stm32f10x_spi.o(.revsh_text), (4 bytes).
    Removing stm32f10x_spi.o(.rrx_text), (6 bytes).
    Removing stm32f10x_spi.o(i.I2S_Cmd), (24 bytes).
    Removing stm32f10x_spi.o(i.I2S_Init), (232 bytes).
    Removing stm32f10x_spi.o(i.I2S_StructInit), (20 bytes).
    Removing stm32f10x_spi.o(i.SPI_BiDirectionalLineConfig), (28 bytes).
    Removing stm32f10x_spi.o(i.SPI_CalculateCRC), (24 bytes).
    Removing stm32f10x_spi.o(i.SPI_DataSizeConfig), (18 bytes).
    Removing stm32f10x_spi.o(i.SPI_GetCRC), (16 bytes).
    Removing stm32f10x_spi.o(i.SPI_GetCRCPolynomial), (6 bytes).
    Removing stm32f10x_spi.o(i.SPI_I2S_ClearFlag), (6 bytes).
    Removing stm32f10x_spi.o(i.SPI_I2S_ClearITPendingBit), (20 bytes).
    Removing stm32f10x_spi.o(i.SPI_I2S_DMACmd), (18 bytes).
    Removing stm32f10x_spi.o(i.SPI_I2S_DeInit), (88 bytes).
    Removing stm32f10x_spi.o(i.SPI_I2S_GetITStatus), (52 bytes).
    Removing stm32f10x_spi.o(i.SPI_I2S_ITConfig), (32 bytes).
    Removing stm32f10x_spi.o(i.SPI_NSSInternalSoftwareConfig), (30 bytes).
    Removing stm32f10x_spi.o(i.SPI_SSOutputCmd), (24 bytes).
    Removing stm32f10x_spi.o(i.SPI_StructInit), (24 bytes).
    Removing stm32f10x_spi.o(i.SPI_TransmitCRC), (10 bytes).
    Removing stm32f10x_tim.o(.rev16_text), (4 bytes).
    Removing stm32f10x_tim.o(.revsh_text), (4 bytes).
    Removing stm32f10x_tim.o(.rrx_text), (6 bytes).
    Removing stm32f10x_tim.o(i.TI1_Config), (128 bytes).
    Removing stm32f10x_tim.o(i.TI2_Config), (152 bytes).
    Removing stm32f10x_tim.o(i.TI3_Config), (144 bytes).
    Removing stm32f10x_tim.o(i.TI4_Config), (152 bytes).
    Removing stm32f10x_tim.o(i.TIM_BDTRConfig), (32 bytes).
    Removing stm32f10x_tim.o(i.TIM_BDTRStructInit), (18 bytes).
    Removing stm32f10x_tim.o(i.TIM_CCPreloadControl), (24 bytes).
    Removing stm32f10x_tim.o(i.TIM_CCxCmd), (30 bytes).
    Removing stm32f10x_tim.o(i.TIM_CCxNCmd), (30 bytes).
    Removing stm32f10x_tim.o(i.TIM_ClearFlag), (6 bytes).
    Removing stm32f10x_tim.o(i.TIM_ClearITPendingBit), (6 bytes).
    Removing stm32f10x_tim.o(i.TIM_ClearOC1Ref), (18 bytes).
    Removing stm32f10x_tim.o(i.TIM_ClearOC2Ref), (24 bytes).
    Removing stm32f10x_tim.o(i.TIM_ClearOC3Ref), (18 bytes).
    Removing stm32f10x_tim.o(i.TIM_ClearOC4Ref), (24 bytes).
    Removing stm32f10x_tim.o(i.TIM_CounterModeConfig), (18 bytes).
    Removing stm32f10x_tim.o(i.TIM_DMACmd), (18 bytes).
    Removing stm32f10x_tim.o(i.TIM_DMAConfig), (10 bytes).
    Removing stm32f10x_tim.o(i.TIM_DeInit), (488 bytes).
    Removing stm32f10x_tim.o(i.TIM_ETRClockMode1Config), (54 bytes).
    Removing stm32f10x_tim.o(i.TIM_ETRClockMode2Config), (32 bytes).
    Removing stm32f10x_tim.o(i.TIM_ETRConfig), (28 bytes).
    Removing stm32f10x_tim.o(i.TIM_EncoderInterfaceConfig), (66 bytes).
    Removing stm32f10x_tim.o(i.TIM_ForcedOC1Config), (18 bytes).
    Removing stm32f10x_tim.o(i.TIM_ForcedOC2Config), (26 bytes).
    Removing stm32f10x_tim.o(i.TIM_ForcedOC3Config), (18 bytes).
    Removing stm32f10x_tim.o(i.TIM_ForcedOC4Config), (26 bytes).
    Removing stm32f10x_tim.o(i.TIM_GenerateEvent), (4 bytes).
    Removing stm32f10x_tim.o(i.TIM_GetCapture1), (6 bytes).
    Removing stm32f10x_tim.o(i.TIM_GetCapture2), (6 bytes).
    Removing stm32f10x_tim.o(i.TIM_GetCapture3), (6 bytes).
    Removing stm32f10x_tim.o(i.TIM_GetCapture4), (8 bytes).
    Removing stm32f10x_tim.o(i.TIM_GetCounter), (6 bytes).
    Removing stm32f10x_tim.o(i.TIM_GetFlagStatus), (18 bytes).
    Removing stm32f10x_tim.o(i.TIM_GetITStatus), (34 bytes).
    Removing stm32f10x_tim.o(i.TIM_GetPrescaler), (6 bytes).
    Removing stm32f10x_tim.o(i.TIM_ICInit), (172 bytes).
    Removing stm32f10x_tim.o(i.TIM_ICStructInit), (18 bytes).
    Removing stm32f10x_tim.o(i.TIM_ITRxExternalClockConfig), (24 bytes).
    Removing stm32f10x_tim.o(i.TIM_InternalClockConfig), (12 bytes).
    Removing stm32f10x_tim.o(i.TIM_OC1FastConfig), (18 bytes).
    Removing stm32f10x_tim.o(i.TIM_OC1NPolarityConfig), (18 bytes).
    Removing stm32f10x_tim.o(i.TIM_OC1PolarityConfig), (18 bytes).
    Removing stm32f10x_tim.o(i.TIM_OC2FastConfig), (26 bytes).
    Removing stm32f10x_tim.o(i.TIM_OC2NPolarityConfig), (26 bytes).
    Removing stm32f10x_tim.o(i.TIM_OC2PolarityConfig), (26 bytes).
    Removing stm32f10x_tim.o(i.TIM_OC2PreloadConfig), (26 bytes).
    Removing stm32f10x_tim.o(i.TIM_OC3FastConfig), (18 bytes).
    Removing stm32f10x_tim.o(i.TIM_OC3NPolarityConfig), (26 bytes).
    Removing stm32f10x_tim.o(i.TIM_OC3PolarityConfig), (26 bytes).
    Removing stm32f10x_tim.o(i.TIM_OC3PreloadConfig), (18 bytes).
    Removing stm32f10x_tim.o(i.TIM_OC4FastConfig), (26 bytes).
    Removing stm32f10x_tim.o(i.TIM_OC4PolarityConfig), (26 bytes).
    Removing stm32f10x_tim.o(i.TIM_OCStructInit), (20 bytes).
    Removing stm32f10x_tim.o(i.TIM_PWMIConfig), (124 bytes).
    Removing stm32f10x_tim.o(i.TIM_PrescalerConfig), (6 bytes).
    Removing stm32f10x_tim.o(i.TIM_SelectCCDMA), (24 bytes).
    Removing stm32f10x_tim.o(i.TIM_SelectCOM), (24 bytes).
    Removing stm32f10x_tim.o(i.TIM_SelectHallSensor), (24 bytes).
    Removing stm32f10x_tim.o(i.TIM_SelectInputTrigger), (18 bytes).
    Removing stm32f10x_tim.o(i.TIM_SelectMasterSlaveMode), (18 bytes).
    Removing stm32f10x_tim.o(i.TIM_SelectOCxM), (82 bytes).
    Removing stm32f10x_tim.o(i.TIM_SelectOnePulseMode), (18 bytes).
    Removing stm32f10x_tim.o(i.TIM_SelectOutputTrigger), (18 bytes).
    Removing stm32f10x_tim.o(i.TIM_SelectSlaveMode), (18 bytes).
    Removing stm32f10x_tim.o(i.TIM_SetAutoreload), (4 bytes).
    Removing stm32f10x_tim.o(i.TIM_SetClockDivision), (18 bytes).
    Removing stm32f10x_tim.o(i.TIM_SetCounter), (4 bytes).
    Removing stm32f10x_tim.o(i.TIM_SetIC1Prescaler), (18 bytes).
    Removing stm32f10x_tim.o(i.TIM_SetIC2Prescaler), (26 bytes).
    Removing stm32f10x_tim.o(i.TIM_SetIC3Prescaler), (18 bytes).
    Removing stm32f10x_tim.o(i.TIM_SetIC4Prescaler), (26 bytes).
    Removing stm32f10x_tim.o(i.TIM_TIxExternalClockConfig), (62 bytes).
    Removing stm32f10x_tim.o(i.TIM_TimeBaseStructInit), (18 bytes).
    Removing stm32f10x_tim.o(i.TIM_UpdateDisableConfig), (24 bytes).
    Removing stm32f10x_tim.o(i.TIM_UpdateRequestConfig), (24 bytes).
    Removing stm32f10x_usart.o(.rev16_text), (4 bytes).
    Removing stm32f10x_usart.o(.revsh_text), (4 bytes).
    Removing stm32f10x_usart.o(.rrx_text), (6 bytes).
    Removing stm32f10x_usart.o(i.USART_ClearFlag), (18 bytes).
    Removing stm32f10x_usart.o(i.USART_ClockInit), (34 bytes).
    Removing stm32f10x_usart.o(i.USART_ClockStructInit), (12 bytes).
    Removing stm32f10x_usart.o(i.USART_DMACmd), (18 bytes).
    Removing stm32f10x_usart.o(i.USART_DeInit), (156 bytes).
    Removing stm32f10x_usart.o(i.USART_HalfDuplexCmd), (24 bytes).
    Removing stm32f10x_usart.o(i.USART_IrDACmd), (24 bytes).
    Removing stm32f10x_usart.o(i.USART_IrDAConfig), (18 bytes).
    Removing stm32f10x_usart.o(i.USART_LINBreakDetectLengthConfig), (18 bytes).
    Removing stm32f10x_usart.o(i.USART_LINCmd), (24 bytes).
    Removing stm32f10x_usart.o(i.USART_OneBitMethodCmd), (24 bytes).
    Removing stm32f10x_usart.o(i.USART_OverSampling8Cmd), (22 bytes).
    Removing stm32f10x_usart.o(i.USART_ReceiveData), (10 bytes).
    Removing stm32f10x_usart.o(i.USART_ReceiverWakeUpCmd), (24 bytes).
    Removing stm32f10x_usart.o(i.USART_SendBreak), (10 bytes).
    Removing stm32f10x_usart.o(i.USART_SetAddress), (18 bytes).
    Removing stm32f10x_usart.o(i.USART_SetGuardTime), (16 bytes).
    Removing stm32f10x_usart.o(i.USART_SetPrescaler), (16 bytes).
    Removing stm32f10x_usart.o(i.USART_SmartCardCmd), (24 bytes).
    Removing stm32f10x_usart.o(i.USART_SmartCardNACKCmd), (24 bytes).
    Removing stm32f10x_usart.o(i.USART_StructInit), (24 bytes).
    Removing stm32f10x_usart.o(i.USART_WakeUpConfig), (18 bytes).
    Removing stm32f10x_wwdg.o(.rev16_text), (4 bytes).
    Removing stm32f10x_wwdg.o(.revsh_text), (4 bytes).
    Removing stm32f10x_wwdg.o(.rrx_text), (6 bytes).
    Removing stm32f10x_wwdg.o(i.WWDG_ClearFlag), (12 bytes).
    Removing stm32f10x_wwdg.o(i.WWDG_DeInit), (22 bytes).
    Removing stm32f10x_wwdg.o(i.WWDG_Enable), (16 bytes).
    Removing stm32f10x_wwdg.o(i.WWDG_EnableIT), (12 bytes).
    Removing stm32f10x_wwdg.o(i.WWDG_GetFlagStatus), (12 bytes).
    Removing stm32f10x_wwdg.o(i.WWDG_SetCounter), (16 bytes).
    Removing stm32f10x_wwdg.o(i.WWDG_SetPrescaler), (24 bytes).
    Removing stm32f10x_wwdg.o(i.WWDG_SetWindowValue), (40 bytes).
    Removing ddiv.o(.text), (222 bytes).
    Removing dfixul.o(.text), (48 bytes).
    Removing cdrcmple.o(.text), (48 bytes).

568 unused section(s) (total 19668 bytes) removed from the image.

==============================================================================

Image Symbol Table

    Local Symbols

    Symbol Name                              Value     Ov Type        Size  Object(Section)

    ../clib/microlib/division.c              0x00000000   Number         0  uldiv.o ABSOLUTE
    ../clib/microlib/division.c              0x00000000   Number         0  uidiv.o ABSOLUTE
    ../clib/microlib/init/entry.s            0x00000000   Number         0  entry11b.o ABSOLUTE
    ../clib/microlib/init/entry.s            0x00000000   Number         0  entry9a.o ABSOLUTE
    ../clib/microlib/init/entry.s            0x00000000   Number         0  entry12b.o ABSOLUTE
    ../clib/microlib/init/entry.s            0x00000000   Number         0  entry12a.o ABSOLUTE
    ../clib/microlib/init/entry.s            0x00000000   Number         0  entry7b.o ABSOLUTE
    ../clib/microlib/init/entry.s            0x00000000   Number         0  entry7a.o ABSOLUTE
    ../clib/microlib/init/entry.s            0x00000000   Number         0  entry9b.o ABSOLUTE
    ../clib/microlib/init/entry.s            0x00000000   Number         0  entry10b.o ABSOLUTE
    ../clib/microlib/init/entry.s            0x00000000   Number         0  entry10a.o ABSOLUTE
    ../clib/microlib/init/entry.s            0x00000000   Number         0  entry.o ABSOLUTE
    ../clib/microlib/init/entry.s            0x00000000   Number         0  entry11a.o ABSOLUTE
    ../clib/microlib/init/entry.s            0x00000000   Number         0  entry5.o ABSOLUTE
    ../clib/microlib/init/entry.s            0x00000000   Number         0  entry2.o ABSOLUTE
    ../clib/microlib/init/entry.s            0x00000000   Number         0  entry8b.o ABSOLUTE
    ../clib/microlib/init/entry.s            0x00000000   Number         0  entry8a.o ABSOLUTE
    ../clib/microlib/longlong.c              0x00000000   Number         0  llsshr.o ABSOLUTE
    ../clib/microlib/longlong.c              0x00000000   Number         0  llushr.o ABSOLUTE
    ../clib/microlib/longlong.c              0x00000000   Number         0  llshl.o ABSOLUTE
    ../clib/microlib/printf/printf.c         0x00000000   Number         0  printf4.o ABSOLUTE
    ../clib/microlib/printf/printf.c         0x00000000   Number         0  printfb.o ABSOLUTE
    ../clib/microlib/printf/printf.c         0x00000000   Number         0  printf0.o ABSOLUTE
    ../clib/microlib/printf/printf.c         0x00000000   Number         0  printf1.o ABSOLUTE
    ../clib/microlib/printf/printf.c         0x00000000   Number         0  printf2.o ABSOLUTE
    ../clib/microlib/printf/printf.c         0x00000000   Number         0  printf3.o ABSOLUTE
    ../clib/microlib/printf/printf.c         0x00000000   Number         0  printf6.o ABSOLUTE
    ../clib/microlib/printf/printf.c         0x00000000   Number         0  printf5.o ABSOLUTE
    ../clib/microlib/printf/printf.c         0x00000000   Number         0  printfa.o ABSOLUTE
    ../clib/microlib/printf/printf.c         0x00000000   Number         0  printf8.o ABSOLUTE
    ../clib/microlib/printf/printf.c         0x00000000   Number         0  printf7.o ABSOLUTE
    ../clib/microlib/printf/stubs.s          0x00000000   Number         0  stubs.o ABSOLUTE
    ../clib/microlib/stdio/streams.c         0x00000000   Number         0  stdout.o ABSOLUTE
    ../clib/microlib/string/memset.c         0x00000000   Number         0  memseta.o ABSOLUTE
    ../clib/microlib/stubs.s                 0x00000000   Number         0  iusefp.o ABSOLUTE
    ../fplib/microlib/fpadd.c                0x00000000   Number         0  dadd.o ABSOLUTE
    ../fplib/microlib/fpdiv.c                0x00000000   Number         0  ddiv.o ABSOLUTE
    ../fplib/microlib/fpepilogue.c           0x00000000   Number         0  depilogue.o ABSOLUTE
    ../fplib/microlib/fpfix.c                0x00000000   Number         0  dfixul.o ABSOLUTE
    ../fplib/microlib/fpfix.c                0x00000000   Number         0  dfixui.o ABSOLUTE
    ../fplib/microlib/fpfix.c                0x00000000   Number         0  dfixi.o ABSOLUTE
    ../fplib/microlib/fpflt.c                0x00000000   Number         0  dfltui.o ABSOLUTE
    ../fplib/microlib/fpflt.c                0x00000000   Number         0  dflti.o ABSOLUTE
    ../fplib/microlib/fpmul.c                0x00000000   Number         0  dmul.o ABSOLUTE
    ..\STM32F10x_StdPeriph_Driver\src\misc.c 0x00000000   Number         0  misc.o ABSOLUTE
    ..\STM32F10x_StdPeriph_Driver\src\stm32f10x_adc.c 0x00000000   Number         0  stm32f10x_adc.o ABSOLUTE
    ..\STM32F10x_StdPeriph_Driver\src\stm32f10x_bkp.c 0x00000000   Number         0  stm32f10x_bkp.o ABSOLUTE
    ..\STM32F10x_StdPeriph_Driver\src\stm32f10x_can.c 0x00000000   Number         0  stm32f10x_can.o ABSOLUTE
    ..\STM32F10x_StdPeriph_Driver\src\stm32f10x_cec.c 0x00000000   Number         0  stm32f10x_cec.o ABSOLUTE
    ..\STM32F10x_StdPeriph_Driver\src\stm32f10x_crc.c 0x00000000   Number         0  stm32f10x_crc.o ABSOLUTE
    ..\STM32F10x_StdPeriph_Driver\src\stm32f10x_dac.c 0x00000000   Number         0  stm32f10x_dac.o ABSOLUTE
    ..\STM32F10x_StdPeriph_Driver\src\stm32f10x_dbgmcu.c 0x00000000   Number         0  stm32f10x_dbgmcu.o ABSOLUTE
    ..\STM32F10x_StdPeriph_Driver\src\stm32f10x_dma.c 0x00000000   Number         0  stm32f10x_dma.o ABSOLUTE
    ..\STM32F10x_StdPeriph_Driver\src\stm32f10x_exti.c 0x00000000   Number         0  stm32f10x_exti.o ABSOLUTE
    ..\STM32F10x_StdPeriph_Driver\src\stm32f10x_flash.c 0x00000000   Number         0  stm32f10x_flash.o ABSOLUTE
    ..\STM32F10x_StdPeriph_Driver\src\stm32f10x_fsmc.c 0x00000000   Number         0  stm32f10x_fsmc.o ABSOLUTE
    ..\STM32F10x_StdPeriph_Driver\src\stm32f10x_gpio.c 0x00000000   Number         0  stm32f10x_gpio.o ABSOLUTE
    ..\STM32F10x_StdPeriph_Driver\src\stm32f10x_i2c.c 0x00000000   Number         0  stm32f10x_i2c.o ABSOLUTE
    ..\STM32F10x_StdPeriph_Driver\src\stm32f10x_iwdg.c 0x00000000   Number         0  stm32f10x_iwdg.o ABSOLUTE
    ..\STM32F10x_StdPeriph_Driver\src\stm32f10x_pwr.c 0x00000000   Number         0  stm32f10x_pwr.o ABSOLUTE
    ..\STM32F10x_StdPeriph_Driver\src\stm32f10x_rcc.c 0x00000000   Number         0  stm32f10x_rcc.o ABSOLUTE
    ..\STM32F10x_StdPeriph_Driver\src\stm32f10x_rtc.c 0x00000000   Number         0  stm32f10x_rtc.o ABSOLUTE
    ..\STM32F10x_StdPeriph_Driver\src\stm32f10x_sdio.c 0x00000000   Number         0  stm32f10x_sdio.o ABSOLUTE
    ..\STM32F10x_StdPeriph_Driver\src\stm32f10x_spi.c 0x00000000   Number         0  stm32f10x_spi.o ABSOLUTE
    ..\STM32F10x_StdPeriph_Driver\src\stm32f10x_tim.c 0x00000000   Number         0  stm32f10x_tim.o ABSOLUTE
    ..\STM32F10x_StdPeriph_Driver\src\stm32f10x_usart.c 0x00000000   Number         0  stm32f10x_usart.o ABSOLUTE
    ..\STM32F10x_StdPeriph_Driver\src\stm32f10x_wwdg.c 0x00000000   Number         0  stm32f10x_wwdg.o ABSOLUTE
    ..\\STM32F10x_StdPeriph_Driver\\src\\misc.c 0x00000000   Number         0  misc.o ABSOLUTE
    ..\\STM32F10x_StdPeriph_Driver\\src\\stm32f10x_adc.c 0x00000000   Number         0  stm32f10x_adc.o ABSOLUTE
    ..\\STM32F10x_StdPeriph_Driver\\src\\stm32f10x_bkp.c 0x00000000   Number         0  stm32f10x_bkp.o ABSOLUTE
    ..\\STM32F10x_StdPeriph_Driver\\src\\stm32f10x_can.c 0x00000000   Number         0  stm32f10x_can.o ABSOLUTE
    ..\\STM32F10x_StdPeriph_Driver\\src\\stm32f10x_cec.c 0x00000000   Number         0  stm32f10x_cec.o ABSOLUTE
    ..\\STM32F10x_StdPeriph_Driver\\src\\stm32f10x_crc.c 0x00000000   Number         0  stm32f10x_crc.o ABSOLUTE
    ..\\STM32F10x_StdPeriph_Driver\\src\\stm32f10x_dac.c 0x00000000   Number         0  stm32f10x_dac.o ABSOLUTE
    ..\\STM32F10x_StdPeriph_Driver\\src\\stm32f10x_dbgmcu.c 0x00000000   Number         0  stm32f10x_dbgmcu.o ABSOLUTE
    ..\\STM32F10x_StdPeriph_Driver\\src\\stm32f10x_dma.c 0x00000000   Number         0  stm32f10x_dma.o ABSOLUTE
    ..\\STM32F10x_StdPeriph_Driver\\src\\stm32f10x_exti.c 0x00000000   Number         0  stm32f10x_exti.o ABSOLUTE
    ..\\STM32F10x_StdPeriph_Driver\\src\\stm32f10x_flash.c 0x00000000   Number         0  stm32f10x_flash.o ABSOLUTE
    ..\\STM32F10x_StdPeriph_Driver\\src\\stm32f10x_fsmc.c 0x00000000   Number         0  stm32f10x_fsmc.o ABSOLUTE
    ..\\STM32F10x_StdPeriph_Driver\\src\\stm32f10x_gpio.c 0x00000000   Number         0  stm32f10x_gpio.o ABSOLUTE
    ..\\STM32F10x_StdPeriph_Driver\\src\\stm32f10x_i2c.c 0x00000000   Number         0  stm32f10x_i2c.o ABSOLUTE
    ..\\STM32F10x_StdPeriph_Driver\\src\\stm32f10x_iwdg.c 0x00000000   Number         0  stm32f10x_iwdg.o ABSOLUTE
    ..\\STM32F10x_StdPeriph_Driver\\src\\stm32f10x_pwr.c 0x00000000   Number         0  stm32f10x_pwr.o ABSOLUTE
    ..\\STM32F10x_StdPeriph_Driver\\src\\stm32f10x_rcc.c 0x00000000   Number         0  stm32f10x_rcc.o ABSOLUTE
    ..\\STM32F10x_StdPeriph_Driver\\src\\stm32f10x_rtc.c 0x00000000   Number         0  stm32f10x_rtc.o ABSOLUTE
    ..\\STM32F10x_StdPeriph_Driver\\src\\stm32f10x_sdio.c 0x00000000   Number         0  stm32f10x_sdio.o ABSOLUTE
    ..\\STM32F10x_StdPeriph_Driver\\src\\stm32f10x_spi.c 0x00000000   Number         0  stm32f10x_spi.o ABSOLUTE
    ..\\STM32F10x_StdPeriph_Driver\\src\\stm32f10x_tim.c 0x00000000   Number         0  stm32f10x_tim.o ABSOLUTE
    ..\\STM32F10x_StdPeriph_Driver\\src\\stm32f10x_usart.c 0x00000000   Number         0  stm32f10x_usart.o ABSOLUTE
    ..\\STM32F10x_StdPeriph_Driver\\src\\stm32f10x_wwdg.c 0x00000000   Number         0  stm32f10x_wwdg.o ABSOLUTE
    ..\\user\\api\\beep.c                    0x00000000   Number         0  beep.o ABSOLUTE
    ..\\user\\api\\ble.c                     0x00000000   Number         0  ble.o ABSOLUTE
    ..\\user\\api\\delay.c                   0x00000000   Number         0  delay.o ABSOLUTE
    ..\\user\\api\\hc_sr04.c                 0x00000000   Number         0  hc_sr04.o ABSOLUTE
    ..\\user\\api\\ir.c                      0x00000000   Number         0  ir.o ABSOLUTE
    ..\\user\\api\\key.c                     0x00000000   Number         0  key.o ABSOLUTE
    ..\\user\\api\\lcd.c                     0x00000000   Number         0  lcd.o ABSOLUTE
    ..\\user\\api\\led.c                     0x00000000   Number         0  led.o ABSOLUTE
    ..\\user\\api\\motor.c                   0x00000000   Number         0  motor.o ABSOLUTE
    ..\\user\\api\\spi.c                     0x00000000   Number         0  spi.o ABSOLUTE
    ..\\user\\api\\steer.c                   0x00000000   Number         0  steer.o ABSOLUTE
    ..\\user\\api\\uart1.c                   0x00000000   Number         0  uart1.o ABSOLUTE
    ..\\user\\api\\wifi.c                    0x00000000   Number         0  wifi.o ABSOLUTE
    ..\\user\\main.c                         0x00000000   Number         0  main.o ABSOLUTE
    ..\\user\\stm32f10x_it.c                 0x00000000   Number         0  stm32f10x_it.o ABSOLUTE
    ..\\user\\system_stm32f10x.c             0x00000000   Number         0  system_stm32f10x.o ABSOLUTE
    ..\startup\startup_stm32f10x_hd.s        0x00000000   Number         0  startup_stm32f10x_hd.o ABSOLUTE
    ..\user\api\beep.c                       0x00000000   Number         0  beep.o ABSOLUTE
    ..\user\api\ble.c                        0x00000000   Number         0  ble.o ABSOLUTE
    ..\user\api\delay.c                      0x00000000   Number         0  delay.o ABSOLUTE
    ..\user\api\hc_sr04.c                    0x00000000   Number         0  hc_sr04.o ABSOLUTE
    ..\user\api\ir.c                         0x00000000   Number         0  ir.o ABSOLUTE
    ..\user\api\key.c                        0x00000000   Number         0  key.o ABSOLUTE
    ..\user\api\lcd.c                        0x00000000   Number         0  lcd.o ABSOLUTE
    ..\user\api\led.c                        0x00000000   Number         0  led.o ABSOLUTE
    ..\user\api\motor.c                      0x00000000   Number         0  motor.o ABSOLUTE
    ..\user\api\spi.c                        0x00000000   Number         0  spi.o ABSOLUTE
    ..\user\api\steer.c                      0x00000000   Number         0  steer.o ABSOLUTE
    ..\user\api\uart1.c                      0x00000000   Number         0  uart1.o ABSOLUTE
    ..\user\api\wifi.c                       0x00000000   Number         0  wifi.o ABSOLUTE
    ..\user\main.c                           0x00000000   Number         0  main.o ABSOLUTE
    ..\user\stm32f10x_it.c                   0x00000000   Number         0  stm32f10x_it.o ABSOLUTE
    ..\user\system_stm32f10x.c               0x00000000   Number         0  system_stm32f10x.o ABSOLUTE
    cdrcmple.s                               0x00000000   Number         0  cdrcmple.o ABSOLUTE
    dc.s                                     0x00000000   Number         0  dc.o ABSOLUTE
    handlers.s                               0x00000000   Number         0  handlers.o ABSOLUTE
    init.s                                   0x00000000   Number         0  init.o ABSOLUTE
    RESET                                    0x08000000   Section      304  startup_stm32f10x_hd.o(RESET)
    .ARM.Collect$$$$00000000                 0x08000130   Section        0  entry.o(.ARM.Collect$$$$00000000)
    .ARM.Collect$$$$00000001                 0x08000130   Section        4  entry2.o(.ARM.Collect$$$$00000001)
    .ARM.Collect$$$$00000004                 0x08000134   Section        4  entry5.o(.ARM.Collect$$$$00000004)
    .ARM.Collect$$$$00000008                 0x08000138   Section        0  entry7b.o(.ARM.Collect$$$$00000008)
    .ARM.Collect$$$$0000000A                 0x08000138   Section        0  entry8b.o(.ARM.Collect$$$$0000000A)
    .ARM.Collect$$$$0000000B                 0x08000138   Section        8  entry9a.o(.ARM.Collect$$$$0000000B)
    .ARM.Collect$$$$0000000E                 0x08000140   Section        4  entry12b.o(.ARM.Collect$$$$0000000E)
    .ARM.Collect$$$$0000000F                 0x08000144   Section        0  entry10a.o(.ARM.Collect$$$$0000000F)
    .ARM.Collect$$$$00000011                 0x08000144   Section        0  entry11a.o(.ARM.Collect$$$$00000011)
    .ARM.Collect$$$$00002712                 0x08000144   Section        4  entry2.o(.ARM.Collect$$$$00002712)
    __lit__00000000                          0x08000144   Data           4  entry2.o(.ARM.Collect$$$$00002712)
    .text                                    0x08000148   Section       36  startup_stm32f10x_hd.o(.text)
    .text                                    0x0800016c   Section        0  memseta.o(.text)
    .text                                    0x08000190   Section        0  dadd.o(.text)
    .text                                    0x080002de   Section        0  dmul.o(.text)
    .text                                    0x080003c2   Section        0  dflti.o(.text)
    .text                                    0x080003e4   Section        0  dfltui.o(.text)
    .text                                    0x080003fe   Section        0  dfixi.o(.text)
    .text                                    0x0800043c   Section        0  dfixui.o(.text)
    .text                                    0x0800046e   Section        0  uidiv.o(.text)
    .text                                    0x0800049a   Section        0  llshl.o(.text)
    .text                                    0x080004b8   Section        0  llushr.o(.text)
    .text                                    0x080004d8   Section        0  llsshr.o(.text)
    .text                                    0x080004fc   Section        0  iusefp.o(.text)
    .text                                    0x080004fc   Section        0  depilogue.o(.text)
    .text                                    0x080005b8   Section       36  init.o(.text)
    i.BEEP_Config                            0x080005dc   Section        0  beep.o(i.BEEP_Config)
    i.BLE_Config                             0x08000618   Section        0  ble.o(i.BLE_Config)
    i.BLE_DataAnlay                          0x080006e4   Section        0  ble.o(i.BLE_DataAnlay)
    i.BusFault_Handler                       0x08000848   Section        0  stm32f10x_it.o(i.BusFault_Handler)
    i.DebugMon_Handler                       0x0800084c   Section        0  stm32f10x_it.o(i.DebugMon_Handler)
    i.Delay_ms                               0x0800084e   Section        0  delay.o(i.Delay_ms)
    i.Delay_us                               0x08000902   Section        0  delay.o(i.Delay_us)
    i.GPIO_Init                              0x0800099e   Section        0  stm32f10x_gpio.o(i.GPIO_Init)
    i.GPIO_PinRemapConfig                    0x08000ab4   Section        0  stm32f10x_gpio.o(i.GPIO_PinRemapConfig)
    i.GPIO_ReadInputDataBit                  0x08000b44   Section        0  stm32f10x_gpio.o(i.GPIO_ReadInputDataBit)
    i.GPIO_ResetBits                         0x08000b56   Section        0  stm32f10x_gpio.o(i.GPIO_ResetBits)
    i.GPIO_SetBits                           0x08000b5a   Section        0  stm32f10x_gpio.o(i.GPIO_SetBits)
    i.GPIO_WriteBit                          0x08000b5e   Section        0  stm32f10x_gpio.o(i.GPIO_WriteBit)
    i.Handle_Conditions                      0x08000b68   Section        0  main.o(i.Handle_Conditions)
    i.HardFault_Handler                      0x08000bec   Section        0  stm32f10x_it.o(i.HardFault_Handler)
    i.IR_Config                              0x08000bf0   Section        0  ir.o(i.IR_Config)
    i.IR_GetLineAndMove                      0x08000c20   Section        0  ir.o(i.IR_GetLineAndMove)
    i.JTAG_SW_Config                         0x08000dfc   Section        0  main.o(i.JTAG_SW_Config)
    i.KEY_Config                             0x08000e14   Section        0  key.o(i.KEY_Config)
    i.Key_GetValue                           0x08000e44   Section        0  key.o(i.Key_GetValue)
    i.LCD_Address_Set                        0x08000e94   Section        0  lcd.o(i.LCD_Address_Set)
    i.LCD_DrawPoint                          0x08000ed6   Section        0  lcd.o(i.LCD_DrawPoint)
    i.LCD_Fill                               0x08000ef2   Section        0  lcd.o(i.LCD_Fill)
    i.LCD_Init                               0x08000f38   Section        0  lcd.o(i.LCD_Init)
    i.LCD_ShowChar                           0x08001138   Section        0  lcd.o(i.LCD_ShowChar)
    i.LCD_ShowChinese                        0x0800125c   Section        0  lcd.o(i.LCD_ShowChinese)
    i.LCD_ShowChinese12x12                   0x080012b4   Section        0  lcd.o(i.LCD_ShowChinese12x12)
    i.LCD_ShowChinese16x16                   0x080013fc   Section        0  lcd.o(i.LCD_ShowChinese16x16)
    i.LCD_ShowString                         0x08001534   Section        0  lcd.o(i.LCD_ShowString)
    i.LCD_WR_DATA                            0x08001576   Section        0  lcd.o(i.LCD_WR_DATA)
    i.LCD_WR_DATA8                           0x08001588   Section        0  lcd.o(i.LCD_WR_DATA8)
    i.LCD_WR_REG                             0x08001594   Section        0  lcd.o(i.LCD_WR_REG)
    i.LCD_Writ_Bus                           0x080015b8   Section        0  lcd.o(i.LCD_Writ_Bus)
    i.LED_Config                             0x080015d8   Section        0  led.o(i.LED_Config)
    i.MemManage_Handler                      0x08001624   Section        0  stm32f10x_it.o(i.MemManage_Handler)
    i.Motor_Config                           0x08001628   Section        0  motor.o(i.Motor_Config)
    i.Motor_LeftBackControl                  0x08001730   Section        0  motor.o(i.Motor_LeftBackControl)
    i.Motor_LeftFrontControl                 0x08001764   Section        0  motor.o(i.Motor_LeftFrontControl)
    i.Motor_RightBackControl                 0x08001798   Section        0  motor.o(i.Motor_RightBackControl)
    i.Motor_RightFrontControl                0x080017cc   Section        0  motor.o(i.Motor_RightFrontControl)
    i.NMI_Handler                            0x08001800   Section        0  stm32f10x_it.o(i.NMI_Handler)
    i.NVIC_Init                              0x08001804   Section        0  misc.o(i.NVIC_Init)
    i.PendSV_Handler                         0x08001874   Section        0  stm32f10x_it.o(i.PendSV_Handler)
    i.RCC_APB1PeriphClockCmd                 0x08001878   Section        0  stm32f10x_rcc.o(i.RCC_APB1PeriphClockCmd)
    i.RCC_APB2PeriphClockCmd                 0x08001898   Section        0  stm32f10x_rcc.o(i.RCC_APB2PeriphClockCmd)
    i.RCC_GetClocksFreq                      0x080018b8   Section        0  stm32f10x_rcc.o(i.RCC_GetClocksFreq)
    i.SPI2_Init                              0x0800198c   Section        0  spi.o(i.SPI2_Init)
    i.SPI2_ReadWriteByte                     0x08001a6c   Section        0  spi.o(i.SPI2_ReadWriteByte)
    i.SPI_Cmd                                0x08001ac0   Section        0  stm32f10x_spi.o(i.SPI_Cmd)
    i.SPI_I2S_GetFlagStatus                  0x08001ad8   Section        0  stm32f10x_spi.o(i.SPI_I2S_GetFlagStatus)
    i.SPI_I2S_ReceiveData                    0x08001aea   Section        0  stm32f10x_spi.o(i.SPI_I2S_ReceiveData)
    i.SPI_I2S_SendData                       0x08001af0   Section        0  stm32f10x_spi.o(i.SPI_I2S_SendData)
    i.SPI_Init                               0x08001af4   Section        0  stm32f10x_spi.o(i.SPI_Init)
    i.SR04_Config                            0x08001b30   Section        0  hc_sr04.o(i.SR04_Config)
    i.SR04_GetLen                            0x08001b8c   Section        0  hc_sr04.o(i.SR04_GetLen)
    i.SVC_Handler                            0x08001c78   Section        0  stm32f10x_it.o(i.SVC_Handler)
    i.SetSysClock                            0x08001c7a   Section        0  system_stm32f10x.o(i.SetSysClock)
    SetSysClock                              0x08001c7b   Thumb Code     8  system_stm32f10x.o(i.SetSysClock)
    i.SetSysClockTo72                        0x08001c84   Section        0  system_stm32f10x.o(i.SetSysClockTo72)
    SetSysClockTo72                          0x08001c85   Thumb Code   214  system_stm32f10x.o(i.SetSysClockTo72)
    i.Steer_Control                          0x08001d64   Section        0  steer.o(i.Steer_Control)
    i.Steer_Init                             0x08001e20   Section        0  steer.o(i.Steer_Init)
    i.Steer_SetAngle                         0x08001e50   Section        0  steer.o(i.Steer_SetAngle)
    i.SysTick_Handler                        0x08001ef4   Section        0  delay.o(i.SysTick_Handler)
    i.SystemInit                             0x08001f4c   Section        0  system_stm32f10x.o(i.SystemInit)
    i.Systick_Init                           0x08001fac   Section        0  delay.o(i.Systick_Init)
    i.TIM_ARRPreloadConfig                   0x08002008   Section        0  stm32f10x_tim.o(i.TIM_ARRPreloadConfig)
    i.TIM_Cmd                                0x08002020   Section        0  stm32f10x_tim.o(i.TIM_Cmd)
    i.TIM_CtrlPWMOutputs                     0x08002038   Section        0  stm32f10x_tim.o(i.TIM_CtrlPWMOutputs)
    i.TIM_ITConfig                           0x08002056   Section        0  stm32f10x_tim.o(i.TIM_ITConfig)
    i.TIM_OC1Init                            0x08002068   Section        0  stm32f10x_tim.o(i.TIM_OC1Init)
    i.TIM_OC1PreloadConfig                   0x08002100   Section        0  stm32f10x_tim.o(i.TIM_OC1PreloadConfig)
    i.TIM_OC2Init                            0x08002114   Section        0  stm32f10x_tim.o(i.TIM_OC2Init)
    i.TIM_OC3Init                            0x080021b8   Section        0  stm32f10x_tim.o(i.TIM_OC3Init)
    i.TIM_OC4Init                            0x08002258   Section        0  stm32f10x_tim.o(i.TIM_OC4Init)
    i.TIM_OC4PreloadConfig                   0x080022d4   Section        0  stm32f10x_tim.o(i.TIM_OC4PreloadConfig)
    i.TIM_SetCompare1                        0x080022ee   Section        0  stm32f10x_tim.o(i.TIM_SetCompare1)
    i.TIM_SetCompare2                        0x080022f2   Section        0  stm32f10x_tim.o(i.TIM_SetCompare2)
    i.TIM_SetCompare3                        0x080022f6   Section        0  stm32f10x_tim.o(i.TIM_SetCompare3)
    i.TIM_SetCompare4                        0x080022fa   Section        0  stm32f10x_tim.o(i.TIM_SetCompare4)
    i.TIM_TimeBaseInit                       0x08002300   Section        0  stm32f10x_tim.o(i.TIM_TimeBaseInit)
    i.Tim1_SteerInit                         0x080023a4   Section        0  steer.o(i.Tim1_SteerInit)
    i.UART5_IRQHandler                       0x08002514   Section        0  ble.o(i.UART5_IRQHandler)
    i.USART1_Config                          0x08002578   Section        0  uart1.o(i.USART1_Config)
    i.USART1_IRQHandler                      0x08002638   Section        0  uart1.o(i.USART1_IRQHandler)
    i.USART3_IRQHandler                      0x08002694   Section        0  wifi.o(i.USART3_IRQHandler)
    i.USART_ClearITPendingBit                0x080026f8   Section        0  stm32f10x_usart.o(i.USART_ClearITPendingBit)
    i.USART_Cmd                              0x08002716   Section        0  stm32f10x_usart.o(i.USART_Cmd)
    i.USART_GetFlagStatus                    0x0800272e   Section        0  stm32f10x_usart.o(i.USART_GetFlagStatus)
    i.USART_GetITStatus                      0x08002748   Section        0  stm32f10x_usart.o(i.USART_GetITStatus)
    i.USART_ITConfig                         0x0800279c   Section        0  stm32f10x_usart.o(i.USART_ITConfig)
    i.USART_Init                             0x080027e8   Section        0  stm32f10x_usart.o(i.USART_Init)
    i.USART_SendData                         0x080028c0   Section        0  stm32f10x_usart.o(i.USART_SendData)
    i.UsageFault_Handler                     0x080028c8   Section        0  stm32f10x_it.o(i.UsageFault_Handler)
    i.WIFI_Analysis                          0x080028cc   Section        0  wifi.o(i.WIFI_Analysis)
    i.WIFI_Config                            0x08002b5c   Section        0  wifi.o(i.WIFI_Config)
    i.__0printf$1                            0x08002c20   Section        0  printf1.o(i.__0printf$1)
    i.__0sprintf$1                           0x08002c40   Section        0  printf1.o(i.__0sprintf$1)
    i.__scatterload_copy                     0x08002c68   Section       14  handlers.o(i.__scatterload_copy)
    i.__scatterload_null                     0x08002c76   Section        2  handlers.o(i.__scatterload_null)
    i.__scatterload_zeroinit                 0x08002c78   Section       14  handlers.o(i.__scatterload_zeroinit)
    i._printf_core                           0x08002c88   Section        0  printf1.o(i._printf_core)
    _printf_core                             0x08002c89   Thumb Code   336  printf1.o(i._printf_core)
    i._sputc                                 0x08002ddc   Section        0  printf1.o(i._sputc)
    _sputc                                   0x08002ddd   Thumb Code    10  printf1.o(i._sputc)
    i.fputc                                  0x08002de8   Section        0  uart1.o(i.fputc)
    i.main                                   0x08002e0c   Section        0  main.o(i.main)
    .constdata                               0x080031d8   Section     4286  lcd.o(.constdata)
    .data                                    0x20000000   Section       21  main.o(.data)
    .data                                    0x20000018   Section        8  delay.o(.data)
    .data                                    0x20000020   Section        4  key.o(.data)
    count                                    0x20000020   Data           4  key.o(.data)
    .data                                    0x20000024   Section       16  hc_sr04.o(.data)
    state                                    0x20000028   Data           1  hc_sr04.o(.data)
    count                                    0x2000002c   Data           4  hc_sr04.o(.data)
    timeout                                  0x20000030   Data           4  hc_sr04.o(.data)
    .data                                    0x20000034   Section        9  steer.o(.data)
    .data                                    0x2000003d   Section       20  stm32f10x_rcc.o(.data)
    APBAHBPrescTable                         0x2000003d   Data          16  stm32f10x_rcc.o(.data)
    ADCPrescTable                            0x2000004d   Data           4  stm32f10x_rcc.o(.data)
    .data                                    0x20000054   Section        4  stdout.o(.data)
    .bss                                     0x20000058   Section       64  main.o(.bss)
    .bss                                     0x20000098   Section       24  uart1.o(.bss)
    .bss                                     0x200000b0   Section       24  ble.o(.bss)
    .bss                                     0x200000c8   Section      259  wifi.o(.bss)
    STACK                                    0x200001d0   Section     1024  startup_stm32f10x_hd.o(STACK)

    Global Symbols

    Symbol Name                              Value     Ov Type        Size  Object(Section)

    BuildAttributes$$THM_ISAv4$P$D$K$B$S$PE$A:L22UL41UL21$X:L11$S22US41US21$IEEE1$IW$USESV6$~STKCKD$USESV7$~SHL$OSPACE$ROPI$EBA8$MICROLIB$REQ8$PRES8$EABIv2 0x00000000   Number         0  anon$$obj.o ABSOLUTE
    __ARM_use_no_argv                        0x00000000   Number         0  main.o ABSOLUTE
    _printf_a                                0x00000000   Number         0  stubs.o ABSOLUTE
    _printf_c                                0x00000000   Number         0  stubs.o ABSOLUTE
    _printf_charcount                        0x00000000   Number         0  stubs.o ABSOLUTE
    _printf_d                                0x00000000   Number         0  stubs.o ABSOLUTE
    _printf_e                                0x00000000   Number         0  stubs.o ABSOLUTE
    _printf_f                                0x00000000   Number         0  stubs.o ABSOLUTE
    _printf_flags                            0x00000000   Number         0  stubs.o ABSOLUTE
    _printf_fp_dec                           0x00000000   Number         0  stubs.o ABSOLUTE
    _printf_fp_hex                           0x00000000   Number         0  stubs.o ABSOLUTE
    _printf_g                                0x00000000   Number         0  stubs.o ABSOLUTE
    _printf_i                                0x00000000   Number         0  stubs.o ABSOLUTE
    _printf_int_dec                          0x00000000   Number         0  stubs.o ABSOLUTE
    _printf_l                                0x00000000   Number         0  stubs.o ABSOLUTE
    _printf_lc                               0x00000000   Number         0  stubs.o ABSOLUTE
    _printf_ll                               0x00000000   Number         0  stubs.o ABSOLUTE
    _printf_lld                              0x00000000   Number         0  stubs.o ABSOLUTE
    _printf_lli                              0x00000000   Number         0  stubs.o ABSOLUTE
    _printf_llo                              0x00000000   Number         0  stubs.o ABSOLUTE
    _printf_llu                              0x00000000   Number         0  stubs.o ABSOLUTE
    _printf_llx                              0x00000000   Number         0  stubs.o ABSOLUTE
    _printf_longlong_dec                     0x00000000   Number         0  stubs.o ABSOLUTE
    _printf_longlong_hex                     0x00000000   Number         0  stubs.o ABSOLUTE
    _printf_longlong_oct                     0x00000000   Number         0  stubs.o ABSOLUTE
    _printf_ls                               0x00000000   Number         0  stubs.o ABSOLUTE
    _printf_mbtowc                           0x00000000   Number         0  stubs.o ABSOLUTE
    _printf_n                                0x00000000   Number         0  stubs.o ABSOLUTE
    _printf_o                                0x00000000   Number         0  stubs.o ABSOLUTE
    _printf_p                                0x00000000   Number         0  stubs.o ABSOLUTE
    _printf_percent                          0x00000000   Number         0  stubs.o ABSOLUTE
    _printf_pre_padding                      0x00000000   Number         0  stubs.o ABSOLUTE
    _printf_return_value                     0x00000000   Number         0  stubs.o ABSOLUTE
    _printf_s                                0x00000000   Number         0  stubs.o ABSOLUTE
    _printf_sizespec                         0x00000000   Number         0  stubs.o ABSOLUTE
    _printf_str                              0x00000000   Number         0  stubs.o ABSOLUTE
    _printf_truncate_signed                  0x00000000   Number         0  stubs.o ABSOLUTE
    _printf_truncate_unsigned                0x00000000   Number         0  stubs.o ABSOLUTE
    _printf_u                                0x00000000   Number         0  stubs.o ABSOLUTE
    _printf_wc                               0x00000000   Number         0  stubs.o ABSOLUTE
    _printf_wctomb                           0x00000000   Number         0  stubs.o ABSOLUTE
    _printf_widthprec                        0x00000000   Number         0  stubs.o ABSOLUTE
    _printf_x                                0x00000000   Number         0  stubs.o ABSOLUTE
    __arm_fini_                               - Undefined Weak Reference
    __cpp_initialize__aeabi_                  - Undefined Weak Reference
    __cxa_finalize                            - Undefined Weak Reference
    __decompress                              - Undefined Weak Reference
    _clock_init                               - Undefined Weak Reference
    _microlib_exit                            - Undefined Weak Reference
    __Vectors_Size                           0x00000130   Number         0  startup_stm32f10x_hd.o ABSOLUTE
    __Vectors                                0x08000000   Data           4  startup_stm32f10x_hd.o(RESET)
    __Vectors_End                            0x08000130   Data           0  startup_stm32f10x_hd.o(RESET)
    __main                                   0x08000131   Thumb Code     0  entry.o(.ARM.Collect$$$$00000000)
    _main_stk                                0x08000131   Thumb Code     0  entry2.o(.ARM.Collect$$$$00000001)
    _main_scatterload                        0x08000135   Thumb Code     0  entry5.o(.ARM.Collect$$$$00000004)
    __main_after_scatterload                 0x08000139   Thumb Code     0  entry5.o(.ARM.Collect$$$$00000004)
    _main_clock                              0x08000139   Thumb Code     0  entry7b.o(.ARM.Collect$$$$00000008)
    _main_cpp_init                           0x08000139   Thumb Code     0  entry8b.o(.ARM.Collect$$$$0000000A)
    _main_init                               0x08000139   Thumb Code     0  entry9a.o(.ARM.Collect$$$$0000000B)
    __rt_lib_shutdown_fini                   0x08000141   Thumb Code     0  entry12b.o(.ARM.Collect$$$$0000000E)
    __rt_final_cpp                           0x08000145   Thumb Code     0  entry10a.o(.ARM.Collect$$$$0000000F)
    __rt_final_exit                          0x08000145   Thumb Code     0  entry11a.o(.ARM.Collect$$$$00000011)
    Reset_Handler                            0x08000149   Thumb Code     8  startup_stm32f10x_hd.o(.text)
    ADC1_2_IRQHandler                        0x08000163   Thumb Code     0  startup_stm32f10x_hd.o(.text)
    ADC3_IRQHandler                          0x08000163   Thumb Code     0  startup_stm32f10x_hd.o(.text)
    CAN1_RX1_IRQHandler                      0x08000163   Thumb Code     0  startup_stm32f10x_hd.o(.text)
    CAN1_SCE_IRQHandler                      0x08000163   Thumb Code     0  startup_stm32f10x_hd.o(.text)
    DMA1_Channel1_IRQHandler                 0x08000163   Thumb Code     0  startup_stm32f10x_hd.o(.text)
    DMA1_Channel2_IRQHandler                 0x08000163   Thumb Code     0  startup_stm32f10x_hd.o(.text)
    DMA1_Channel3_IRQHandler                 0x08000163   Thumb Code     0  startup_stm32f10x_hd.o(.text)
    DMA1_Channel4_IRQHandler                 0x08000163   Thumb Code     0  startup_stm32f10x_hd.o(.text)
    DMA1_Channel5_IRQHandler                 0x08000163   Thumb Code     0  startup_stm32f10x_hd.o(.text)
    DMA1_Channel6_IRQHandler                 0x08000163   Thumb Code     0  startup_stm32f10x_hd.o(.text)
    DMA1_Channel7_IRQHandler                 0x08000163   Thumb Code     0  startup_stm32f10x_hd.o(.text)
    DMA2_Channel1_IRQHandler                 0x08000163   Thumb Code     0  startup_stm32f10x_hd.o(.text)
    DMA2_Channel2_IRQHandler                 0x08000163   Thumb Code     0  startup_stm32f10x_hd.o(.text)
    DMA2_Channel3_IRQHandler                 0x08000163   Thumb Code     0  startup_stm32f10x_hd.o(.text)
    DMA2_Channel4_5_IRQHandler               0x08000163   Thumb Code     0  startup_stm32f10x_hd.o(.text)
    EXTI0_IRQHandler                         0x08000163   Thumb Code     0  startup_stm32f10x_hd.o(.text)
    EXTI15_10_IRQHandler                     0x08000163   Thumb Code     0  startup_stm32f10x_hd.o(.text)
    EXTI1_IRQHandler                         0x08000163   Thumb Code     0  startup_stm32f10x_hd.o(.text)
    EXTI2_IRQHandler                         0x08000163   Thumb Code     0  startup_stm32f10x_hd.o(.text)
    EXTI3_IRQHandler                         0x08000163   Thumb Code     0  startup_stm32f10x_hd.o(.text)
    EXTI4_IRQHandler                         0x08000163   Thumb Code     0  startup_stm32f10x_hd.o(.text)
    EXTI9_5_IRQHandler                       0x08000163   Thumb Code     0  startup_stm32f10x_hd.o(.text)
    FLASH_IRQHandler                         0x08000163   Thumb Code     0  startup_stm32f10x_hd.o(.text)
    FSMC_IRQHandler                          0x08000163   Thumb Code     0  startup_stm32f10x_hd.o(.text)
    I2C1_ER_IRQHandler                       0x08000163   Thumb Code     0  startup_stm32f10x_hd.o(.text)
    I2C1_EV_IRQHandler                       0x08000163   Thumb Code     0  startup_stm32f10x_hd.o(.text)
    I2C2_ER_IRQHandler                       0x08000163   Thumb Code     0  startup_stm32f10x_hd.o(.text)
    I2C2_EV_IRQHandler                       0x08000163   Thumb Code     0  startup_stm32f10x_hd.o(.text)
    PVD_IRQHandler                           0x08000163   Thumb Code     0  startup_stm32f10x_hd.o(.text)
    RCC_IRQHandler                           0x08000163   Thumb Code     0  startup_stm32f10x_hd.o(.text)
    RTCAlarm_IRQHandler                      0x08000163   Thumb Code     0  startup_stm32f10x_hd.o(.text)
    RTC_IRQHandler                           0x08000163   Thumb Code     0  startup_stm32f10x_hd.o(.text)
    SDIO_IRQHandler                          0x08000163   Thumb Code     0  startup_stm32f10x_hd.o(.text)
    SPI1_IRQHandler                          0x08000163   Thumb Code     0  startup_stm32f10x_hd.o(.text)
    SPI2_IRQHandler                          0x08000163   Thumb Code     0  startup_stm32f10x_hd.o(.text)
    SPI3_IRQHandler                          0x08000163   Thumb Code     0  startup_stm32f10x_hd.o(.text)
    TAMPER_IRQHandler                        0x08000163   Thumb Code     0  startup_stm32f10x_hd.o(.text)
    TIM1_BRK_IRQHandler                      0x08000163   Thumb Code     0  startup_stm32f10x_hd.o(.text)
    TIM1_CC_IRQHandler                       0x08000163   Thumb Code     0  startup_stm32f10x_hd.o(.text)
    TIM1_TRG_COM_IRQHandler                  0x08000163   Thumb Code     0  startup_stm32f10x_hd.o(.text)
    TIM1_UP_IRQHandler                       0x08000163   Thumb Code     0  startup_stm32f10x_hd.o(.text)
    TIM2_IRQHandler                          0x08000163   Thumb Code     0  startup_stm32f10x_hd.o(.text)
    TIM3_IRQHandler                          0x08000163   Thumb Code     0  startup_stm32f10x_hd.o(.text)
    TIM4_IRQHandler                          0x08000163   Thumb Code     0  startup_stm32f10x_hd.o(.text)
    TIM5_IRQHandler                          0x08000163   Thumb Code     0  startup_stm32f10x_hd.o(.text)
    TIM6_IRQHandler                          0x08000163   Thumb Code     0  startup_stm32f10x_hd.o(.text)
    TIM7_IRQHandler                          0x08000163   Thumb Code     0  startup_stm32f10x_hd.o(.text)
    TIM8_BRK_IRQHandler                      0x08000163   Thumb Code     0  startup_stm32f10x_hd.o(.text)
    TIM8_CC_IRQHandler                       0x08000163   Thumb Code     0  startup_stm32f10x_hd.o(.text)
    TIM8_TRG_COM_IRQHandler                  0x08000163   Thumb Code     0  startup_stm32f10x_hd.o(.text)
    TIM8_UP_IRQHandler                       0x08000163   Thumb Code     0  startup_stm32f10x_hd.o(.text)
    UART4_IRQHandler                         0x08000163   Thumb Code     0  startup_stm32f10x_hd.o(.text)
    USART2_IRQHandler                        0x08000163   Thumb Code     0  startup_stm32f10x_hd.o(.text)
    USBWakeUp_IRQHandler                     0x08000163   Thumb Code     0  startup_stm32f10x_hd.o(.text)
    USB_HP_CAN1_TX_IRQHandler                0x08000163   Thumb Code     0  startup_stm32f10x_hd.o(.text)
    USB_LP_CAN1_RX0_IRQHandler               0x08000163   Thumb Code     0  startup_stm32f10x_hd.o(.text)
    WWDG_IRQHandler                          0x08000163   Thumb Code     0  startup_stm32f10x_hd.o(.text)
    __aeabi_memset                           0x0800016d   Thumb Code    14  memseta.o(.text)
    __aeabi_memset4                          0x0800016d   Thumb Code     0  memseta.o(.text)
    __aeabi_memset8                          0x0800016d   Thumb Code     0  memseta.o(.text)
    __aeabi_memclr                           0x0800017b   Thumb Code     4  memseta.o(.text)
    __aeabi_memclr4                          0x0800017b   Thumb Code     0  memseta.o(.text)
    __aeabi_memclr8                          0x0800017b   Thumb Code     0  memseta.o(.text)
    _memset$wrapper                          0x0800017f   Thumb Code    18  memseta.o(.text)
    __aeabi_dadd                             0x08000191   Thumb Code   322  dadd.o(.text)
    __aeabi_dsub                             0x080002d3   Thumb Code     6  dadd.o(.text)
    __aeabi_drsub                            0x080002d9   Thumb Code     6  dadd.o(.text)
    __aeabi_dmul                             0x080002df   Thumb Code   228  dmul.o(.text)
    __aeabi_i2d                              0x080003c3   Thumb Code    34  dflti.o(.text)
    __aeabi_ui2d                             0x080003e5   Thumb Code    26  dfltui.o(.text)
    __aeabi_d2iz                             0x080003ff   Thumb Code    62  dfixi.o(.text)
    __aeabi_d2uiz                            0x0800043d   Thumb Code    50  dfixui.o(.text)
    __aeabi_uidiv                            0x0800046f   Thumb Code     0  uidiv.o(.text)
    __aeabi_uidivmod                         0x0800046f   Thumb Code    44  uidiv.o(.text)
    __aeabi_llsl                             0x0800049b   Thumb Code    30  llshl.o(.text)
    _ll_shift_l                              0x0800049b   Thumb Code     0  llshl.o(.text)
    __aeabi_llsr                             0x080004b9   Thumb Code    32  llushr.o(.text)
    _ll_ushift_r                             0x080004b9   Thumb Code     0  llushr.o(.text)
    __aeabi_lasr                             0x080004d9   Thumb Code    36  llsshr.o(.text)
    _ll_sshift_r                             0x080004d9   Thumb Code     0  llsshr.o(.text)
    __I$use$fp                               0x080004fd   Thumb Code     0  iusefp.o(.text)
    _double_round                            0x080004fd   Thumb Code    30  depilogue.o(.text)
    _double_epilogue                         0x0800051b   Thumb Code   156  depilogue.o(.text)
    __scatterload                            0x080005b9   Thumb Code    28  init.o(.text)
    __scatterload_rt2                        0x080005b9   Thumb Code     0  init.o(.text)
    BEEP_Config                              0x080005dd   Thumb Code    56  beep.o(i.BEEP_Config)
    BLE_Config                               0x08000619   Thumb Code   190  ble.o(i.BLE_Config)
    BLE_DataAnlay                            0x080006e5   Thumb Code   330  ble.o(i.BLE_DataAnlay)
    BusFault_Handler                         0x08000849   Thumb Code     4  stm32f10x_it.o(i.BusFault_Handler)
    DebugMon_Handler                         0x0800084d   Thumb Code     2  stm32f10x_it.o(i.DebugMon_Handler)
    Delay_ms                                 0x0800084f   Thumb Code   180  delay.o(i.Delay_ms)
    Delay_us                                 0x08000903   Thumb Code   156  delay.o(i.Delay_us)
    GPIO_Init                                0x0800099f   Thumb Code   278  stm32f10x_gpio.o(i.GPIO_Init)
    GPIO_PinRemapConfig                      0x08000ab5   Thumb Code   138  stm32f10x_gpio.o(i.GPIO_PinRemapConfig)
    GPIO_ReadInputDataBit                    0x08000b45   Thumb Code    18  stm32f10x_gpio.o(i.GPIO_ReadInputDataBit)
    GPIO_ResetBits                           0x08000b57   Thumb Code     4  stm32f10x_gpio.o(i.GPIO_ResetBits)
    GPIO_SetBits                             0x08000b5b   Thumb Code     4  stm32f10x_gpio.o(i.GPIO_SetBits)
    GPIO_WriteBit                            0x08000b5f   Thumb Code    10  stm32f10x_gpio.o(i.GPIO_WriteBit)
    Handle_Conditions                        0x08000b69   Thumb Code   120  main.o(i.Handle_Conditions)
    HardFault_Handler                        0x08000bed   Thumb Code     4  stm32f10x_it.o(i.HardFault_Handler)
    IR_Config                                0x08000bf1   Thumb Code    44  ir.o(i.IR_Config)
    IR_GetLineAndMove                        0x08000c21   Thumb Code   472  ir.o(i.IR_GetLineAndMove)
    JTAG_SW_Config                           0x08000dfd   Thumb Code    20  main.o(i.JTAG_SW_Config)
    KEY_Config                               0x08000e15   Thumb Code    42  key.o(i.KEY_Config)
    Key_GetValue                             0x08000e45   Thumb Code    70  key.o(i.Key_GetValue)
    LCD_Address_Set                          0x08000e95   Thumb Code    66  lcd.o(i.LCD_Address_Set)
    LCD_DrawPoint                            0x08000ed7   Thumb Code    28  lcd.o(i.LCD_DrawPoint)
    LCD_Fill                                 0x08000ef3   Thumb Code    70  lcd.o(i.LCD_Fill)
    LCD_Init                                 0x08000f39   Thumb Code   504  lcd.o(i.LCD_Init)
    LCD_ShowChar                             0x08001139   Thumb Code   282  lcd.o(i.LCD_ShowChar)
    LCD_ShowChinese                          0x0800125d   Thumb Code    88  lcd.o(i.LCD_ShowChinese)
    LCD_ShowChinese12x12                     0x080012b5   Thumb Code   322  lcd.o(i.LCD_ShowChinese12x12)
    LCD_ShowChinese16x16                     0x080013fd   Thumb Code   306  lcd.o(i.LCD_ShowChinese16x16)
    LCD_ShowString                           0x08001535   Thumb Code    66  lcd.o(i.LCD_ShowString)
    LCD_WR_DATA                              0x08001577   Thumb Code    18  lcd.o(i.LCD_WR_DATA)
    LCD_WR_DATA8                             0x08001589   Thumb Code    12  lcd.o(i.LCD_WR_DATA8)
    LCD_WR_REG                               0x08001595   Thumb Code    32  lcd.o(i.LCD_WR_REG)
    LCD_Writ_Bus                             0x080015b9   Thumb Code    28  lcd.o(i.LCD_Writ_Bus)
    LED_Config                               0x080015d9   Thumb Code    70  led.o(i.LED_Config)
    MemManage_Handler                        0x08001625   Thumb Code     4  stm32f10x_it.o(i.MemManage_Handler)
    Motor_Config                             0x08001629   Thumb Code   246  motor.o(i.Motor_Config)
    Motor_LeftBackControl                    0x08001731   Thumb Code    46  motor.o(i.Motor_LeftBackControl)
    Motor_LeftFrontControl                   0x08001765   Thumb Code    46  motor.o(i.Motor_LeftFrontControl)
    Motor_RightBackControl                   0x08001799   Thumb Code    46  motor.o(i.Motor_RightBackControl)
    Motor_RightFrontControl                  0x080017cd   Thumb Code    46  motor.o(i.Motor_RightFrontControl)
    NMI_Handler                              0x08001801   Thumb Code     2  stm32f10x_it.o(i.NMI_Handler)
    NVIC_Init                                0x08001805   Thumb Code   100  misc.o(i.NVIC_Init)
    PendSV_Handler                           0x08001875   Thumb Code     2  stm32f10x_it.o(i.PendSV_Handler)
    RCC_APB1PeriphClockCmd                   0x08001879   Thumb Code    26  stm32f10x_rcc.o(i.RCC_APB1PeriphClockCmd)
    RCC_APB2PeriphClockCmd                   0x08001899   Thumb Code    26  stm32f10x_rcc.o(i.RCC_APB2PeriphClockCmd)
    RCC_GetClocksFreq                        0x080018b9   Thumb Code   192  stm32f10x_rcc.o(i.RCC_GetClocksFreq)
    SPI2_Init                                0x0800198d   Thumb Code   212  spi.o(i.SPI2_Init)
    SPI2_ReadWriteByte                       0x08001a6d   Thumb Code    78  spi.o(i.SPI2_ReadWriteByte)
    SPI_Cmd                                  0x08001ac1   Thumb Code    24  stm32f10x_spi.o(i.SPI_Cmd)
    SPI_I2S_GetFlagStatus                    0x08001ad9   Thumb Code    18  stm32f10x_spi.o(i.SPI_I2S_GetFlagStatus)
    SPI_I2S_ReceiveData                      0x08001aeb   Thumb Code     6  stm32f10x_spi.o(i.SPI_I2S_ReceiveData)
    SPI_I2S_SendData                         0x08001af1   Thumb Code     4  stm32f10x_spi.o(i.SPI_I2S_SendData)
    SPI_Init                                 0x08001af5   Thumb Code    60  stm32f10x_spi.o(i.SPI_Init)
    SR04_Config                              0x08001b31   Thumb Code    84  hc_sr04.o(i.SR04_Config)
    SR04_GetLen                              0x08001b8d   Thumb Code   204  hc_sr04.o(i.SR04_GetLen)
    SVC_Handler                              0x08001c79   Thumb Code     2  stm32f10x_it.o(i.SVC_Handler)
    Steer_Control                            0x08001d65   Thumb Code   174  steer.o(i.Steer_Control)
    Steer_Init                               0x08001e21   Thumb Code    38  steer.o(i.Steer_Init)
    Steer_SetAngle                           0x08001e51   Thumb Code   140  steer.o(i.Steer_SetAngle)
    SysTick_Handler                          0x08001ef5   Thumb Code    62  delay.o(i.SysTick_Handler)
    SystemInit                               0x08001f4d   Thumb Code    78  system_stm32f10x.o(i.SystemInit)
    Systick_Init                             0x08001fad   Thumb Code    84  delay.o(i.Systick_Init)
    TIM_ARRPreloadConfig                     0x08002009   Thumb Code    24  stm32f10x_tim.o(i.TIM_ARRPreloadConfig)
    TIM_Cmd                                  0x08002021   Thumb Code    24  stm32f10x_tim.o(i.TIM_Cmd)
    TIM_CtrlPWMOutputs                       0x08002039   Thumb Code    30  stm32f10x_tim.o(i.TIM_CtrlPWMOutputs)
    TIM_ITConfig                             0x08002057   Thumb Code    18  stm32f10x_tim.o(i.TIM_ITConfig)
    TIM_OC1Init                              0x08002069   Thumb Code   132  stm32f10x_tim.o(i.TIM_OC1Init)
    TIM_OC1PreloadConfig                     0x08002101   Thumb Code    18  stm32f10x_tim.o(i.TIM_OC1PreloadConfig)
    TIM_OC2Init                              0x08002115   Thumb Code   154  stm32f10x_tim.o(i.TIM_OC2Init)
    TIM_OC3Init                              0x080021b9   Thumb Code   150  stm32f10x_tim.o(i.TIM_OC3Init)
    TIM_OC4Init                              0x08002259   Thumb Code   114  stm32f10x_tim.o(i.TIM_OC4Init)
    TIM_OC4PreloadConfig                     0x080022d5   Thumb Code    26  stm32f10x_tim.o(i.TIM_OC4PreloadConfig)
    TIM_SetCompare1                          0x080022ef   Thumb Code     4  stm32f10x_tim.o(i.TIM_SetCompare1)
    TIM_SetCompare2                          0x080022f3   Thumb Code     4  stm32f10x_tim.o(i.TIM_SetCompare2)
    TIM_SetCompare3                          0x080022f7   Thumb Code     4  stm32f10x_tim.o(i.TIM_SetCompare3)
    TIM_SetCompare4                          0x080022fb   Thumb Code     6  stm32f10x_tim.o(i.TIM_SetCompare4)
    TIM_TimeBaseInit                         0x08002301   Thumb Code   122  stm32f10x_tim.o(i.TIM_TimeBaseInit)
    Tim1_SteerInit                           0x080023a5   Thumb Code   326  steer.o(i.Tim1_SteerInit)
    UART5_IRQHandler                         0x08002515   Thumb Code    86  ble.o(i.UART5_IRQHandler)
    USART1_Config                            0x08002579   Thumb Code   184  uart1.o(i.USART1_Config)
    USART1_IRQHandler                        0x08002639   Thumb Code    82  uart1.o(i.USART1_IRQHandler)
    USART3_IRQHandler                        0x08002695   Thumb Code    88  wifi.o(i.USART3_IRQHandler)
    USART_ClearITPendingBit                  0x080026f9   Thumb Code    30  stm32f10x_usart.o(i.USART_ClearITPendingBit)
    USART_Cmd                                0x08002717   Thumb Code    24  stm32f10x_usart.o(i.USART_Cmd)
    USART_GetFlagStatus                      0x0800272f   Thumb Code    26  stm32f10x_usart.o(i.USART_GetFlagStatus)
    USART_GetITStatus                        0x08002749   Thumb Code    84  stm32f10x_usart.o(i.USART_GetITStatus)
    USART_ITConfig                           0x0800279d   Thumb Code    74  stm32f10x_usart.o(i.USART_ITConfig)
    USART_Init                               0x080027e9   Thumb Code   210  stm32f10x_usart.o(i.USART_Init)
    USART_SendData                           0x080028c1   Thumb Code     8  stm32f10x_usart.o(i.USART_SendData)
    UsageFault_Handler                       0x080028c9   Thumb Code     4  stm32f10x_it.o(i.UsageFault_Handler)
    WIFI_Analysis                            0x080028cd   Thumb Code   640  wifi.o(i.WIFI_Analysis)
    WIFI_Config                              0x08002b5d   Thumb Code   188  wifi.o(i.WIFI_Config)
    __0printf$1                              0x08002c21   Thumb Code    22  printf1.o(i.__0printf$1)
    __1printf$1                              0x08002c21   Thumb Code     0  printf1.o(i.__0printf$1)
    __2printf                                0x08002c21   Thumb Code     0  printf1.o(i.__0printf$1)
    __0sprintf$1                             0x08002c41   Thumb Code    34  printf1.o(i.__0sprintf$1)
    __1sprintf$1                             0x08002c41   Thumb Code     0  printf1.o(i.__0sprintf$1)
    __2sprintf                               0x08002c41   Thumb Code     0  printf1.o(i.__0sprintf$1)
    __scatterload_copy                       0x08002c69   Thumb Code    14  handlers.o(i.__scatterload_copy)
    __scatterload_null                       0x08002c77   Thumb Code     2  handlers.o(i.__scatterload_null)
    __scatterload_zeroinit                   0x08002c79   Thumb Code    14  handlers.o(i.__scatterload_zeroinit)
    fputc                                    0x08002de9   Thumb Code    32  uart1.o(i.fputc)
    main                                     0x08002e0d   Thumb Code   762  main.o(i.main)
    ascii_1206                               0x080031d8   Data        1140  lcd.o(.constdata)
    ascii_1608                               0x0800364c   Data        1520  lcd.o(.constdata)
    tfont12                                  0x08003c3c   Data         130  lcd.o(.constdata)
    tfont16                                  0x08003cbe   Data        1496  lcd.o(.constdata)
    Region$$Table$$Base                      0x08004298   Number         0  anon$$obj.o(Region$$Table)
    Region$$Table$$Limit                     0x080042b8   Number         0  anon$$obj.o(Region$$Table)
    timeled                                  0x20000000   Data           4  main.o(.data)
    timekey                                  0x20000004   Data           4  main.o(.data)
    timebeep                                 0x20000008   Data           4  main.o(.data)
    timebz                                   0x2000000c   Data           4  main.o(.data)
    timesteer                                0x20000010   Data           4  main.o(.data)
    condition_met                            0x20000014   Data           1  main.o(.data)
    time_sr04                                0x20000018   Data           8  delay.o(.data)
    sr04_len                                 0x20000024   Data           4  hc_sr04.o(.data)
    steer1Angle                              0x20000034   Data           4  steer.o(.data)
    steer2Angle                              0x20000038   Data           4  steer.o(.data)
    SteerDir                                 0x2000003c   Data           1  steer.o(.data)
    __stdout                                 0x20000054   Data           4  stdout.o(.data)
    lcd_buff                                 0x20000058   Data          64  main.o(.bss)
    usart1_rx                                0x20000098   Data          24  uart1.o(.bss)
    ble_data                                 0x200000b0   Data          24  ble.o(.bss)
    wifi                                     0x200000c8   Data         259  wifi.o(.bss)
    __initial_sp                             0x200005d0   Data           0  startup_stm32f10x_hd.o(STACK)



==============================================================================

Memory Map of the image

  Image Entry point : 0x08000131

  Load Region LR_IROM1 (Base: 0x08000000, Size: 0x00004310, Max: 0x00040000, ABSOLUTE)

    Execution Region ER_IROM1 (Exec base: 0x08000000, Load base: 0x08000000, Size: 0x000042b8, Max: 0x00040000, ABSOLUTE)

    Exec Addr    Load Addr    Size         Type   Attr      Idx    E Section Name        Object

    0x08000000   0x08000000   0x00000130   Data   RO            3    RESET               startup_stm32f10x_hd.o
    0x08000130   0x08000130   0x00000000   Code   RO         4194  * .ARM.Collect$$$$00000000  mc_w.l(entry.o)
    0x08000130   0x08000130   0x00000004   Code   RO         4472    .ARM.Collect$$$$00000001  mc_w.l(entry2.o)
    0x08000134   0x08000134   0x00000004   Code   RO         4475    .ARM.Collect$$$$00000004  mc_w.l(entry5.o)
    0x08000138   0x08000138   0x00000000   Code   RO         4477    .ARM.Collect$$$$00000008  mc_w.l(entry7b.o)
    0x08000138   0x08000138   0x00000000   Code   RO         4479    .ARM.Collect$$$$0000000A  mc_w.l(entry8b.o)
    0x08000138   0x08000138   0x00000008   Code   RO         4480    .ARM.Collect$$$$0000000B  mc_w.l(entry9a.o)
    0x08000140   0x08000140   0x00000004   Code   RO         4487    .ARM.Collect$$$$0000000E  mc_w.l(entry12b.o)
    0x08000144   0x08000144   0x00000000   Code   RO         4482    .ARM.Collect$$$$0000000F  mc_w.l(entry10a.o)
    0x08000144   0x08000144   0x00000000   Code   RO         4484    .ARM.Collect$$$$00000011  mc_w.l(entry11a.o)
    0x08000144   0x08000144   0x00000004   Code   RO         4473    .ARM.Collect$$$$00002712  mc_w.l(entry2.o)
    0x08000148   0x08000148   0x00000024   Code   RO            4    .text               startup_stm32f10x_hd.o
    0x0800016c   0x0800016c   0x00000024   Code   RO         4197    .text               mc_w.l(memseta.o)
    0x08000190   0x08000190   0x0000014e   Code   RO         4460    .text               mf_w.l(dadd.o)
    0x080002de   0x080002de   0x000000e4   Code   RO         4462    .text               mf_w.l(dmul.o)
    0x080003c2   0x080003c2   0x00000022   Code   RO         4464    .text               mf_w.l(dflti.o)
    0x080003e4   0x080003e4   0x0000001a   Code   RO         4466    .text               mf_w.l(dfltui.o)
    0x080003fe   0x080003fe   0x0000003e   Code   RO         4468    .text               mf_w.l(dfixi.o)
    0x0800043c   0x0800043c   0x00000032   Code   RO         4470    .text               mf_w.l(dfixui.o)
    0x0800046e   0x0800046e   0x0000002c   Code   RO         4489    .text               mc_w.l(uidiv.o)
    0x0800049a   0x0800049a   0x0000001e   Code   RO         4493    .text               mc_w.l(llshl.o)
    0x080004b8   0x080004b8   0x00000020   Code   RO         4495    .text               mc_w.l(llushr.o)
    0x080004d8   0x080004d8   0x00000024   Code   RO         4497    .text               mc_w.l(llsshr.o)
    0x080004fc   0x080004fc   0x00000000   Code   RO         4499    .text               mc_w.l(iusefp.o)
    0x080004fc   0x080004fc   0x000000ba   Code   RO         4500    .text               mf_w.l(depilogue.o)
    0x080005b6   0x080005b6   0x00000002   PAD
    0x080005b8   0x080005b8   0x00000024   Code   RO         4508    .text               mc_w.l(init.o)
    0x080005dc   0x080005dc   0x0000003c   Code   RO          401    i.BEEP_Config       beep.o
    0x08000618   0x08000618   0x000000cc   Code   RO          678    i.BLE_Config        ble.o
    0x080006e4   0x080006e4   0x00000164   Code   RO          679    i.BLE_DataAnlay     ble.o
    0x08000848   0x08000848   0x00000004   Code   RO          195    i.BusFault_Handler  stm32f10x_it.o
    0x0800084c   0x0800084c   0x00000002   Code   RO          196    i.DebugMon_Handler  stm32f10x_it.o
    0x0800084e   0x0800084e   0x000000b4   Code   RO          314    i.Delay_ms          delay.o
    0x08000902   0x08000902   0x0000009c   Code   RO          315    i.Delay_us          delay.o
    0x0800099e   0x0800099e   0x00000116   Code   RO         2249    i.GPIO_Init         stm32f10x_gpio.o
    0x08000ab4   0x08000ab4   0x00000090   Code   RO         2251    i.GPIO_PinRemapConfig  stm32f10x_gpio.o
    0x08000b44   0x08000b44   0x00000012   Code   RO         2253    i.GPIO_ReadInputDataBit  stm32f10x_gpio.o
    0x08000b56   0x08000b56   0x00000004   Code   RO         2256    i.GPIO_ResetBits    stm32f10x_gpio.o
    0x08000b5a   0x08000b5a   0x00000004   Code   RO         2257    i.GPIO_SetBits      stm32f10x_gpio.o
    0x08000b5e   0x08000b5e   0x0000000a   Code   RO         2260    i.GPIO_WriteBit     stm32f10x_gpio.o
    0x08000b68   0x08000b68   0x00000084   Code   RO           13    i.Handle_Conditions  main.o
    0x08000bec   0x08000bec   0x00000004   Code   RO          197    i.HardFault_Handler  stm32f10x_it.o
    0x08000bf0   0x08000bf0   0x00000030   Code   RO          781    i.IR_Config         ir.o
    0x08000c20   0x08000c20   0x000001dc   Code   RO          782    i.IR_GetLineAndMove  ir.o
    0x08000dfc   0x08000dfc   0x00000018   Code   RO           14    i.JTAG_SW_Config    main.o
    0x08000e14   0x08000e14   0x00000030   Code   RO          425    i.KEY_Config        key.o
    0x08000e44   0x08000e44   0x00000050   Code   RO          426    i.Key_GetValue      key.o
    0x08000e94   0x08000e94   0x00000042   Code   RO          511    i.LCD_Address_Set   lcd.o
    0x08000ed6   0x08000ed6   0x0000001c   Code   RO          513    i.LCD_DrawPoint     lcd.o
    0x08000ef2   0x08000ef2   0x00000046   Code   RO          515    i.LCD_Fill          lcd.o
    0x08000f38   0x08000f38   0x00000200   Code   RO          516    i.LCD_Init          lcd.o
    0x08001138   0x08001138   0x00000124   Code   RO          517    i.LCD_ShowChar      lcd.o
    0x0800125c   0x0800125c   0x00000058   Code   RO          518    i.LCD_ShowChinese   lcd.o
    0x080012b4   0x080012b4   0x00000148   Code   RO          519    i.LCD_ShowChinese12x12  lcd.o
    0x080013fc   0x080013fc   0x00000138   Code   RO          520    i.LCD_ShowChinese16x16  lcd.o
    0x08001534   0x08001534   0x00000042   Code   RO          522    i.LCD_ShowString    lcd.o
    0x08001576   0x08001576   0x00000012   Code   RO          523    i.LCD_WR_DATA       lcd.o
    0x08001588   0x08001588   0x0000000c   Code   RO          524    i.LCD_WR_DATA8      lcd.o
    0x08001594   0x08001594   0x00000024   Code   RO          525    i.LCD_WR_REG        lcd.o
    0x080015b8   0x080015b8   0x00000020   Code   RO          526    i.LCD_Writ_Bus      lcd.o
    0x080015d8   0x080015d8   0x0000004c   Code   RO          367    i.LED_Config        led.o
    0x08001624   0x08001624   0x00000004   Code   RO          198    i.MemManage_Handler  stm32f10x_it.o
    0x08001628   0x08001628   0x00000108   Code   RO          722    i.Motor_Config      motor.o
    0x08001730   0x08001730   0x00000034   Code   RO          723    i.Motor_LeftBackControl  motor.o
    0x08001764   0x08001764   0x00000034   Code   RO          724    i.Motor_LeftFrontControl  motor.o
    0x08001798   0x08001798   0x00000034   Code   RO          725    i.Motor_RightBackControl  motor.o
    0x080017cc   0x080017cc   0x00000034   Code   RO          726    i.Motor_RightFrontControl  motor.o
    0x08001800   0x08001800   0x00000002   Code   RO          199    i.NMI_Handler       stm32f10x_it.o
    0x08001802   0x08001802   0x00000002   PAD
    0x08001804   0x08001804   0x00000070   Code   RO          954    i.NVIC_Init         misc.o
    0x08001874   0x08001874   0x00000002   Code   RO          200    i.PendSV_Handler    stm32f10x_it.o
    0x08001876   0x08001876   0x00000002   PAD
    0x08001878   0x08001878   0x00000020   Code   RO         2713    i.RCC_APB1PeriphClockCmd  stm32f10x_rcc.o
    0x08001898   0x08001898   0x00000020   Code   RO         2715    i.RCC_APB2PeriphClockCmd  stm32f10x_rcc.o
    0x080018b8   0x080018b8   0x000000d4   Code   RO         2723    i.RCC_GetClocksFreq  stm32f10x_rcc.o
    0x0800198c   0x0800198c   0x000000e0   Code   RO          639    i.SPI2_Init         spi.o
    0x08001a6c   0x08001a6c   0x00000054   Code   RO          640    i.SPI2_ReadWriteByte  spi.o
    0x08001ac0   0x08001ac0   0x00000018   Code   RO         3228    i.SPI_Cmd           stm32f10x_spi.o
    0x08001ad8   0x08001ad8   0x00000012   Code   RO         3236    i.SPI_I2S_GetFlagStatus  stm32f10x_spi.o
    0x08001aea   0x08001aea   0x00000006   Code   RO         3239    i.SPI_I2S_ReceiveData  stm32f10x_spi.o
    0x08001af0   0x08001af0   0x00000004   Code   RO         3240    i.SPI_I2S_SendData  stm32f10x_spi.o
    0x08001af4   0x08001af4   0x0000003c   Code   RO         3241    i.SPI_Init          stm32f10x_spi.o
    0x08001b30   0x08001b30   0x0000005c   Code   RO          811    i.SR04_Config       hc_sr04.o
    0x08001b8c   0x08001b8c   0x000000ec   Code   RO          812    i.SR04_GetLen       hc_sr04.o
    0x08001c78   0x08001c78   0x00000002   Code   RO          201    i.SVC_Handler       stm32f10x_it.o
    0x08001c7a   0x08001c7a   0x00000008   Code   RO          268    i.SetSysClock       system_stm32f10x.o
    0x08001c82   0x08001c82   0x00000002   PAD
    0x08001c84   0x08001c84   0x000000e0   Code   RO          269    i.SetSysClockTo72   system_stm32f10x.o
    0x08001d64   0x08001d64   0x000000bc   Code   RO          847    i.Steer_Control     steer.o
    0x08001e20   0x08001e20   0x00000030   Code   RO          848    i.Steer_Init        steer.o
    0x08001e50   0x08001e50   0x000000a4   Code   RO          849    i.Steer_SetAngle    steer.o
    0x08001ef4   0x08001ef4   0x00000058   Code   RO          316    i.SysTick_Handler   delay.o
    0x08001f4c   0x08001f4c   0x00000060   Code   RO          271    i.SystemInit        system_stm32f10x.o
    0x08001fac   0x08001fac   0x0000005c   Code   RO          317    i.Systick_Init      delay.o
    0x08002008   0x08002008   0x00000018   Code   RO         3383    i.TIM_ARRPreloadConfig  stm32f10x_tim.o
    0x08002020   0x08002020   0x00000018   Code   RO         3395    i.TIM_Cmd           stm32f10x_tim.o
    0x08002038   0x08002038   0x0000001e   Code   RO         3397    i.TIM_CtrlPWMOutputs  stm32f10x_tim.o
    0x08002056   0x08002056   0x00000012   Code   RO         3420    i.TIM_ITConfig      stm32f10x_tim.o
    0x08002068   0x08002068   0x00000098   Code   RO         3424    i.TIM_OC1Init       stm32f10x_tim.o
    0x08002100   0x08002100   0x00000012   Code   RO         3427    i.TIM_OC1PreloadConfig  stm32f10x_tim.o
    0x08002112   0x08002112   0x00000002   PAD
    0x08002114   0x08002114   0x000000a4   Code   RO         3429    i.TIM_OC2Init       stm32f10x_tim.o
    0x080021b8   0x080021b8   0x000000a0   Code   RO         3434    i.TIM_OC3Init       stm32f10x_tim.o
    0x08002258   0x08002258   0x0000007c   Code   RO         3439    i.TIM_OC4Init       stm32f10x_tim.o
    0x080022d4   0x080022d4   0x0000001a   Code   RO         3441    i.TIM_OC4PreloadConfig  stm32f10x_tim.o
    0x080022ee   0x080022ee   0x00000004   Code   RO         3456    i.TIM_SetCompare1   stm32f10x_tim.o
    0x080022f2   0x080022f2   0x00000004   Code   RO         3457    i.TIM_SetCompare2   stm32f10x_tim.o
    0x080022f6   0x080022f6   0x00000004   Code   RO         3458    i.TIM_SetCompare3   stm32f10x_tim.o
    0x080022fa   0x080022fa   0x00000006   Code   RO         3459    i.TIM_SetCompare4   stm32f10x_tim.o
    0x08002300   0x08002300   0x000000a4   Code   RO         3466    i.TIM_TimeBaseInit  stm32f10x_tim.o
    0x080023a4   0x080023a4   0x00000170   Code   RO          851    i.Tim1_SteerInit    steer.o
    0x08002514   0x08002514   0x00000064   Code   RO          680    i.UART5_IRQHandler  ble.o
    0x08002578   0x08002578   0x000000c0   Code   RO          456    i.USART1_Config     uart1.o
    0x08002638   0x08002638   0x0000005c   Code   RO          458    i.USART1_IRQHandler  uart1.o
    0x08002694   0x08002694   0x00000064   Code   RO          905    i.USART3_IRQHandler  wifi.o
    0x080026f8   0x080026f8   0x0000001e   Code   RO         3940    i.USART_ClearITPendingBit  stm32f10x_usart.o
    0x08002716   0x08002716   0x00000018   Code   RO         3943    i.USART_Cmd         stm32f10x_usart.o
    0x0800272e   0x0800272e   0x0000001a   Code   RO         3946    i.USART_GetFlagStatus  stm32f10x_usart.o
    0x08002748   0x08002748   0x00000054   Code   RO         3947    i.USART_GetITStatus  stm32f10x_usart.o
    0x0800279c   0x0800279c   0x0000004a   Code   RO         3949    i.USART_ITConfig    stm32f10x_usart.o
    0x080027e6   0x080027e6   0x00000002   PAD
    0x080027e8   0x080027e8   0x000000d8   Code   RO         3950    i.USART_Init        stm32f10x_usart.o
    0x080028c0   0x080028c0   0x00000008   Code   RO         3960    i.USART_SendData    stm32f10x_usart.o
    0x080028c8   0x080028c8   0x00000004   Code   RO          202    i.UsageFault_Handler  stm32f10x_it.o
    0x080028cc   0x080028cc   0x00000290   Code   RO          906    i.WIFI_Analysis     wifi.o
    0x08002b5c   0x08002b5c   0x000000c4   Code   RO          907    i.WIFI_Config       wifi.o
    0x08002c20   0x08002c20   0x00000020   Code   RO         4244    i.__0printf$1       mc_w.l(printf1.o)
    0x08002c40   0x08002c40   0x00000028   Code   RO         4246    i.__0sprintf$1      mc_w.l(printf1.o)
    0x08002c68   0x08002c68   0x0000000e   Code   RO         4512    i.__scatterload_copy  mc_w.l(handlers.o)
    0x08002c76   0x08002c76   0x00000002   Code   RO         4513    i.__scatterload_null  mc_w.l(handlers.o)
    0x08002c78   0x08002c78   0x0000000e   Code   RO         4514    i.__scatterload_zeroinit  mc_w.l(handlers.o)
    0x08002c86   0x08002c86   0x00000002   PAD
    0x08002c88   0x08002c88   0x00000154   Code   RO         4251    i._printf_core      mc_w.l(printf1.o)
    0x08002ddc   0x08002ddc   0x0000000a   Code   RO         4253    i._sputc            mc_w.l(printf1.o)
    0x08002de6   0x08002de6   0x00000002   PAD
    0x08002de8   0x08002de8   0x00000024   Code   RO          459    i.fputc             uart1.o
    0x08002e0c   0x08002e0c   0x000003cc   Code   RO           15    i.main              main.o
    0x080031d8   0x080031d8   0x000010be   Data   RO          527    .constdata          lcd.o
    0x08004296   0x08004296   0x00000002   PAD
    0x08004298   0x08004298   0x00000020   Data   RO         4510    Region$$Table       anon$$obj.o


    Execution Region RW_IRAM1 (Exec base: 0x20000000, Load base: 0x080042b8, Size: 0x000005d0, Max: 0x0000c000, ABSOLUTE)

    Exec Addr    Load Addr    Size         Type   Attr      Idx    E Section Name        Object

    0x20000000   0x080042b8   0x00000015   Data   RW           17    .data               main.o
    0x20000015   0x080042cd   0x00000003   PAD
    0x20000018   0x080042d0   0x00000008   Data   RW          318    .data               delay.o
    0x20000020   0x080042d8   0x00000004   Data   RW          427    .data               key.o
    0x20000024   0x080042dc   0x00000010   Data   RW          813    .data               hc_sr04.o
    0x20000034   0x080042ec   0x00000009   Data   RW          852    .data               steer.o
    0x2000003d   0x080042f5   0x00000014   Data   RW         2743    .data               stm32f10x_rcc.o
    0x20000051   0x08004309   0x00000003   PAD
    0x20000054   0x0800430c   0x00000004   Data   RW         4488    .data               mc_w.l(stdout.o)
    0x20000058        -       0x00000040   Zero   RW           16    .bss                main.o
    0x20000098        -       0x00000018   Zero   RW          460    .bss                uart1.o
    0x200000b0        -       0x00000018   Zero   RW          681    .bss                ble.o
    0x200000c8        -       0x00000103   Zero   RW          908    .bss                wifi.o
    0x200001cb   0x08004310   0x00000005   PAD
    0x200001d0        -       0x00000400   Zero   RW            1    STACK               startup_stm32f10x_hd.o


==============================================================================

Image component sizes


      Code (inc. data)   RO Data    RW Data    ZI Data      Debug   Object Name

        60          4          0          0          0        474   beep.o
       660         64          0          0         24       2059   ble.o
       516         34          0          8          0      27510   delay.o
       328         40          0         16          0       1311   hc_sr04.o
       524         14          0          0          0       1132   ir.o
       128         16          0          4          0        992   key.o
      1860         38       4286          0          0      10377   lcd.o
        76          6          0          0          0        465   led.o
      1128        232          0         21         64     288894   main.o
       112         12          0          0          0       1040   misc.o
       472         42          0          0          0       2731   motor.o
       308         18          0          0          0       1245   spi.o
        36          8        304          0       1024        816   startup_stm32f10x_hd.o
       768        100          0          9          0      27617   steer.o
       458          6          0          0          0       5106   stm32f10x_gpio.o
        24          0          0          0          0       3284   stm32f10x_it.o
       276         32          0         20          0       4446   stm32f10x_rcc.o
       112          0          0          0          0       3858   stm32f10x_spi.o
       922         92          0          0          0       9666   stm32f10x_tim.o
       462          6          0          0          0       6291   stm32f10x_usart.o
       328         28          0          0          0       1801   system_stm32f10x.o
       320         22          0          0         24       2284   uart1.o
       952         48          0          0        259       2525   wifi.o

    ----------------------------------------------------------------------
     10840        862       4624         84       1400     405924   Object Totals
         0          0         32          0          0          0   (incl. Generated)
        10          0          2          6          5          0   (incl. Padding)

    ----------------------------------------------------------------------

      Code (inc. data)   RO Data    RW Data    ZI Data      Debug   Library Member Name

         0          0          0          0          0          0   entry.o
         0          0          0          0          0          0   entry10a.o
         0          0          0          0          0          0   entry11a.o
         4          0          0          0          0          0   entry12b.o
         8          4          0          0          0          0   entry2.o
         4          0          0          0          0          0   entry5.o
         0          0          0          0          0          0   entry7b.o
         0          0          0          0          0          0   entry8b.o
         8          4          0          0          0          0   entry9a.o
        30          0          0          0          0          0   handlers.o
        36          8          0          0          0         68   init.o
         0          0          0          0          0          0   iusefp.o
        30          0          0          0          0         68   llshl.o
        36          0          0          0          0         68   llsshr.o
        32          0          0          0          0         68   llushr.o
        36          0          0          0          0        108   memseta.o
       422         20          0          0          0        336   printf1.o
         0          0          0          4          0          0   stdout.o
        44          0          0          0          0         80   uidiv.o
       334          0          0          0          0        148   dadd.o
       186          0          0          0          0        176   depilogue.o
        62          0          0          0          0         80   dfixi.o
        50          0          0          0          0         76   dfixui.o
        34          0          0          0          0         76   dflti.o
        26          0          0          0          0         76   dfltui.o
       228          0          0          0          0         96   dmul.o

    ----------------------------------------------------------------------
      1616         36          0          4          0       1524   Library Totals
         6          0          0          0          0          0   (incl. Padding)

    ----------------------------------------------------------------------

      Code (inc. data)   RO Data    RW Data    ZI Data      Debug   Library Name

       690         36          0          4          0        796   mc_w.l
       920          0          0          0          0        728   mf_w.l

    ----------------------------------------------------------------------
      1616         36          0          4          0       1524   Library Totals

    ----------------------------------------------------------------------

==============================================================================


      Code (inc. data)   RO Data    RW Data    ZI Data      Debug   

     12456        898       4624         88       1400     401984   Grand Totals
     12456        898       4624         88       1400     401984   ELF Image Totals
     12456        898       4624         88          0          0   ROM Totals

==============================================================================

    Total RO  Size (Code + RO Data)                17080 (  16.68kB)
    Total RW  Size (RW Data + ZI Data)              1488 (   1.45kB)
    Total ROM Size (Code + RO Data + RW Data)      17168 (  16.77kB)

==============================================================================

